2026-05-28 20:42:25.693 [info] Revived process, old id 1779735355290-1 -> new id 1
2026-05-28 20:42:25.693 [info] Revived process, old id 1779735355290-2 -> new id 2
2026-05-28 20:42:25.693 [info] Revived process, old id 1779735355290-3 -> new id 3
2026-05-28 20:42:25.693 [info] Revived process, old id 1779735355290-4 -> new id 4
2026-05-28 20:42:25.693 [info] Revived process, old id 1779735355290-5 -> new id 5
2026-05-28 20:42:25.693 [info] Revived process, old id 1779735355290-6 -> new id 6
2026-05-28 20:42:25.693 [info] Revived process, old id 1779735355290-7 -> new id 7
2026-05-28 20:42:25.693 [info] Revived process, old id 1779735355290-8 -> new id 8
2026-05-28 20:42:25.800 [info] Expanding terminal instance, old id 1779735355290-1 -> new id 1
2026-05-28 20:42:25.801 [info] Expanding terminal instance, old id 1779735355290-2 -> new id 2
2026-05-28 20:42:25.801 [info] Expanding terminal instance, old id 1779735355290-3 -> new id 3
2026-05-28 20:42:25.801 [info] Expanding terminal instance, old id 1779735355290-4 -> new id 4
2026-05-28 20:42:25.801 [info] Expanding terminal instance, old id 1779735355290-5 -> new id 5
2026-05-28 20:42:25.801 [info] Expanding terminal instance, old id 1779735355290-6 -> new id 6
2026-05-28 20:42:25.801 [info] Expanding terminal instance, old id 1779735355290-7 -> new id 7
2026-05-28 20:42:25.801 [info] Expanding terminal instance, old id 1779735355290-8 -> new id 8
2026-05-28 20:42:26.593 [warning] Persistent process "1": Process had no disconnect runners but was an orphan
2026-05-28 20:42:26.594 [info] Persistent process reconnection "1"
2026-05-28 20:42:26.595 [warning] Persistent process "2": Process had no disconnect runners but was an orphan
2026-05-28 20:42:26.595 [info] Persistent process reconnection "2"
2026-05-28 20:42:26.595 [warning] Persistent process "3": Process had no disconnect runners but was an orphan
2026-05-28 20:42:26.595 [info] Persistent process reconnection "3"
2026-05-28 20:42:26.595 [warning] Persistent process "4": Process had no disconnect runners but was an orphan
2026-05-28 20:42:26.595 [info] Persistent process reconnection "4"
2026-05-28 20:42:26.595 [warning] Persistent process "5": Process had no disconnect runners but was an orphan
2026-05-28 20:42:26.595 [info] Persistent process reconnection "5"
2026-05-28 20:42:26.597 [warning] Persistent process "6": Process had no disconnect runners but was an orphan
2026-05-28 20:42:26.597 [info] Persistent process reconnection "6"
2026-05-28 20:42:26.597 [warning] Persistent process "7": Process had no disconnect runners but was an orphan
2026-05-28 20:42:26.597 [info] Persistent process reconnection "7"
2026-05-28 20:42:26.598 [warning] Persistent process "8": Process had no disconnect runners but was an orphan
2026-05-28 20:42:26.598 [info] Persistent process reconnection "8"
2026-05-28 20:42:26.686 [info] Persistent process "1": Replaying 1071 chars and 1 size events
2026-05-28 20:42:26.741 [info] Persistent process "2": Replaying 2712 chars and 1 size events
2026-05-28 20:42:26.749 [info] Persistent process "3": Replaying 6347 chars and 1 size events
2026-05-28 20:42:26.764 [info] Persistent process "4": Replaying 2513 chars and 1 size events
2026-05-28 20:42:26.776 [info] Persistent process "5": Replaying 1294 chars and 1 size events
2026-05-28 20:42:26.786 [info] Persistent process "6": Replaying 2158 chars and 1 size events
2026-05-28 20:42:26.792 [info] Persistent process "7": Replaying 1353 chars and 1 size events
2026-05-28 20:42:26.796 [info] Persistent process "8": Replaying 2620 chars and 1 size events
