2026-05-27 23:55:39.499 [info] Python-envs extension version: 1.30.0
2026-05-27 23:55:39.499 [info] 
=== Python Envs Configuration Levels ===
2026-05-27 23:55:39.499 [info] {
  "section": "Python Envs Configuration Levels",
  "defaultEnvManager": {
    "workspaceFolderValue": "undefined",
    "workspaceValue": "undefined",
    "globalValue": "undefined",
    "defaultValue": "ms-python.python:venv"
  },
  "defaultPackageManager": {
    "workspaceFolderValue": "undefined",
    "workspaceValue": "undefined",
    "globalValue": "undefined",
    "defaultValue": "ms-python.python:pip"
  }
}
2026-05-27 23:55:39.499 [info] [pet] Starting Python Locator /home/sayan/.vscode/extensions/ms-python.vscode-python-envs-1.30.0-linux-x64/python-env-tools/bin/pet server
2026-05-27 23:55:39.499 [info] Registering pyenv manager (environments will be discovered lazily)
2026-05-27 23:55:39.499 [info] Registering pipenv manager (environments will be discovered lazily)
2026-05-27 23:55:39.499 [info] Registering poetry manager (environments will be discovered lazily)
2026-05-27 23:55:39.499 [warning] No workspace folder for relative search path: .venv
2026-05-27 23:55:39.499 [warning] No workspace folder for relative search path: */.venv
2026-05-27 23:55:39.499 [info] [pet] configure: Sending configuration update: {"workspaceDirectories":[],"environmentDirectories":[],"pipenvExecutable":"pipenv","poetryExecutable":"poetry","cacheDirectory":"/home/sayan/.config/Code/User/globalStorage/ms-python.vscode-python-envs/pythonLocator"}
2026-05-27 23:55:39.499 [info] Discovered env: /usr/bin/python3
2026-05-27 23:55:39.499 [info] Conda not found, turning off conda features. [Error: Conda not found
	at F (/home/sayan/.vscode/extensions/ms-python.vscode-python-envs-1.30.0-linux-x64/dist/extension.js:2:607042)
	at runNextTicks (node:internal/process/task_queues:64:5)
	at process.processImmediate (node:internal/timers:452:9)
	at async L (/home/sayan/.vscode/extensions/ms-python.vscode-python-envs-1.30.0-linux-x64/dist/extension.js:2:607167)
	at async t.registerCondaFeatures (/home/sayan/.vscode/extensions/ms-python.vscode-python-envs-1.30.0-linux-x64/dist/extension.js:2:627092)
	at async t.safeRegister (/home/sayan/.vscode/extensions/ms-python.vscode-python-envs-1.30.0-linux-x64/dist/extension.js:2:282415)
	at async Promise.all (index 1)
	at async Immediate.<anonymous> (/home/sayan/.vscode/extensions/ms-python.vscode-python-envs-1.30.0-linux-x64/dist/extension.js:2:752995)]
2026-05-27 23:55:39.499 [info] [interpreterSelection] Applying initial environment selection for 0 workspace folder(s)
2026-05-27 23:55:39.499 [info] [pet] Telemetry:  {"event":"RefreshPerformance","data":{"refreshPerformance":{"total":50,"breakdown":{"GlobalVirtualEnvs":1,"Locators":32,"Path":49,"Workspaces":0},"locators":{"Conda":24,"Homebrew":0,"LinuxGlobal":27,"PipEnv":0,"Pixi":0,"Poetry":0,"PyEnv":0,"Uv":0,"Venv":0,"VirtualEnv":0,"VirtualEnvWrapper":0}}}}
2026-05-27 23:55:39.499 [info] Extension for manager ms-python.python:venv is not active: Activating...
2026-05-27 23:55:39.499 [info] [interpreterSelection] global: Python 3.12.3 (source: autoDiscovery)
2026-05-27 23:55:39.499 [info] Python API: Changed environment from undefined to Python 3.12.3 for: global
2026-05-27 23:55:39.499 [info] Internal: Changed environment from undefined to Python 3.12.3 for: global
2026-05-27 23:55:39.611 [info] Refreshing pyenv environments
2026-05-27 23:55:39.703 [info] Pipenv not found via settings, cache, or PATH
2026-05-27 23:55:39.704 [info] Refreshing pipenv environments
2026-05-27 23:55:39.705 [info] Pipenv not found via settings, cache, or PATH
2026-05-27 23:55:39.705 [info] Found 0 pipenv environments
2026-05-27 23:55:39.707 [info] Pipenv not found via settings, cache, or PATH
2026-05-27 23:55:39.739 [info] Extension for manager ms-python.python:venv is now active.
2026-05-27 23:55:39.742 [info] Refreshing poetry environments
2026-05-27 23:55:39.752 [info] Refreshing Pyenv Environments
2026-05-27 23:55:39.752 [info] Refreshing pyenv environments
2026-05-27 23:55:39.752 [info] Refreshing Pipenv Environments
2026-05-27 23:55:39.752 [info] Refreshing pipenv environments
2026-05-27 23:55:39.752 [info] Refreshing Poetry Environments
2026-05-27 23:55:39.752 [info] Refreshing poetry environments
2026-05-27 23:55:39.752 [warning] No workspace folder for relative search path: .venv
2026-05-27 23:55:39.752 [warning] No workspace folder for relative search path: */.venv
2026-05-27 23:55:39.916 [info] Discovered env: /usr/bin/python3
2026-05-27 23:55:39.927 [warning] No workspace folder for relative search path: .venv
2026-05-27 23:55:39.927 [warning] No workspace folder for relative search path: */.venv
2026-05-27 23:55:39.937 [info] [pet] Telemetry:  {"event":"RefreshPerformance","data":{"refreshPerformance":{"total":32,"breakdown":{"GlobalVirtualEnvs":0,"Locators":22,"Path":32,"Workspaces":0},"locators":{"Conda":19,"Homebrew":0,"LinuxGlobal":21,"PipEnv":0,"Pixi":0,"Poetry":0,"PyEnv":0,"Uv":0,"Venv":0,"VirtualEnv":0,"VirtualEnvWrapper":0}}}}
2026-05-27 23:55:39.940 [info] Poetry executable not found
2026-05-27 23:55:39.944 [info] Environment discovery complete: 1 environments found (Global: 1)
2026-05-27 23:55:39.958 [info] Discovered env: /usr/bin/python3
2026-05-27 23:55:39.974 [warning] No workspace folder for relative search path: .venv
2026-05-27 23:55:39.974 [warning] No workspace folder for relative search path: */.venv
2026-05-27 23:55:39.977 [info] [pet] Telemetry:  {"event":"RefreshPerformance","data":{"refreshPerformance":{"total":32,"breakdown":{"GlobalVirtualEnvs":0,"Locators":20,"Path":31,"Workspaces":0},"locators":{"Conda":19,"Homebrew":0,"LinuxGlobal":18,"PipEnv":0,"Pixi":0,"Poetry":0,"PyEnv":0,"Uv":0,"Venv":0,"VirtualEnv":0,"VirtualEnvWrapper":0}}}}
2026-05-27 23:55:40.014 [info] Discovered env: /usr/bin/python3
2026-05-27 23:55:40.043 [warning] No workspace folder for relative search path: .venv
2026-05-27 23:55:40.043 [warning] No workspace folder for relative search path: */.venv
2026-05-27 23:55:40.068 [info] [pet] Telemetry:  {"event":"RefreshPerformance","data":{"refreshPerformance":{"total":58,"breakdown":{"GlobalVirtualEnvs":0,"Locators":38,"Path":57,"Workspaces":0},"locators":{"Conda":22,"Homebrew":0,"LinuxGlobal":35,"PipEnv":0,"Pixi":0,"Poetry":0,"PyEnv":0,"Uv":0,"Venv":0,"VirtualEnv":0,"VirtualEnvWrapper":0}}}}
2026-05-27 23:55:40.106 [info] Discovered env: /usr/bin/python3
2026-05-27 23:55:40.119 [warning] No workspace folder for relative search path: .venv
2026-05-27 23:55:40.119 [warning] No workspace folder for relative search path: */.venv
2026-05-27 23:55:40.122 [info] [pet] Telemetry:  {"event":"RefreshPerformance","data":{"refreshPerformance":{"total":47,"breakdown":{"GlobalVirtualEnvs":0,"Locators":33,"Path":46,"Workspaces":0},"locators":{"Conda":27,"Homebrew":0,"LinuxGlobal":31,"PipEnv":0,"Pixi":0,"Poetry":0,"PyEnv":0,"Uv":0,"Venv":0,"VirtualEnv":0,"VirtualEnvWrapper":0}}}}
2026-05-27 23:55:40.122 [info] Pipenv not found via settings, cache, or PATH
2026-05-27 23:55:40.122 [info] Found 0 pipenv environments
2026-05-27 23:55:40.146 [info] Discovered env: /usr/bin/python3
2026-05-27 23:55:40.153 [info] [pet] Telemetry:  {"event":"RefreshPerformance","data":{"refreshPerformance":{"total":28,"breakdown":{"GlobalVirtualEnvs":0,"Locators":24,"Path":28,"Workspaces":0},"locators":{"Conda":24,"Homebrew":0,"LinuxGlobal":20,"PipEnv":0,"Pixi":0,"Poetry":0,"PyEnv":0,"Uv":0,"Venv":0,"VirtualEnv":0,"VirtualEnvWrapper":0}}}}
2026-05-27 23:55:40.155 [info] Poetry executable not found
2026-05-28 00:06:54.528 [info] runInTerminal: sendText /usr/bin/python3 "/home/sayan/introducing of list.py"
2026-05-28 00:07:02.600 [info] runInTerminal: executeCommand /usr/bin/python3 "/home/sayan/introducing of list.py"
2026-05-28 01:04:15.831 [info] runInTerminal: executeCommand /usr/bin/python3 "/home/sayan/introducing of list.py"
2026-05-28 01:10:21.981 [info] runInTerminal: executeCommand /usr/bin/python3 "/home/sayan/introducing of list.py"
2026-05-28 01:10:50.925 [info] runInTerminal: executeCommand /usr/bin/python3 "/home/sayan/introducing of list.py"
2026-05-28 01:38:13.876 [info] runInTerminal: executeCommand /usr/bin/python3 "/home/sayan/introducing of list.py"
2026-05-28 01:48:10.456 [info] runInTerminal: executeCommand /usr/bin/python3 "/home/sayan/introducing of list.py"
