2026-05-27 21:13:09.616 [info] Started local extension host with pid 2311.
2026-05-27 21:13:09.707 [error] Ignoring python.analysis.indexing.followSymlinkedFolders as python.analysis.indexing is true
2026-05-27 21:13:10.364 [error] Ignoring python.analysis.indexing.followSymlinkedFolders as python.analysis.indexing is true
2026-05-27 21:13:11.590 [info] [AccountPolicyGate] apply: state=inactive, reason=undefined, isRestricted=false
2026-05-27 21:13:12.295 [info] Settings Sync: Account status changed from uninitialized to unavailable
2026-05-27 21:13:13.797 [info] [perf] Render performance baseline is 21ms
2026-05-27 21:13:16.591 [info] [AccountPolicyGate] apply: state=inactive, reason=undefined, isRestricted=false
2026-05-27 21:13:22.872 [error] [File Watcher ('parcel')] Unexpected error: Permission denied (EUNKNOWN) (path: /)
2026-05-27 21:13:22.874 [error] [File Watcher (universal)] Permission denied
2026-05-27 22:27:12.248 [error] An unknown error occurred. Please consult the log for more details.
2026-05-27 23:55:13.166 [error] Cannot read properties of undefined (reading 'then'): TypeError: Cannot read properties of undefined (reading 'then')
    at b2e.setDimensions (vscode-file://vscode-app/usr/share/code/resources/app/out/vs/workbench/workbench.desktop.main.js:4026:590)
    at Ov._updatePtyDimensions (vscode-file://vscode-app/usr/share/code/resources/app/out/vs/workbench/workbench.desktop.main.js:4030:3437)
    at bpt._resizeYCallback (vscode-file://vscode-app/usr/share/code/resources/app/out/vs/workbench/workbench.desktop.main.js:4026:33663)
    at bpt.resize (vscode-file://vscode-app/usr/share/code/resources/app/out/vs/workbench/workbench.desktop.main.js:4026:15036)
    at Ov._resize (vscode-file://vscode-app/usr/share/code/resources/app/out/vs/workbench/workbench.desktop.main.js:4030:3214)
    at Ov.setVisible (vscode-file://vscode-app/usr/share/code/resources/app/out/vs/workbench/workbench.desktop.main.js:4029:7142)
    at Qye.value (vscode-file://vscode-app/usr/share/code/resources/app/out/vs/workbench/workbench.desktop.main.js:4026:25112)
    at T._deliver (vscode-file://vscode-app/usr/share/code/resources/app/out/vs/workbench/workbench.desktop.main.js:405:3269)
    at T._deliverQueue (vscode-file://vscode-app/usr/share/code/resources/app/out/vs/workbench/workbench.desktop.main.js:405:3358)
    at T.fire (vscode-file://vscode-app/usr/share/code/resources/app/out/vs/workbench/workbench.desktop.main.js:405:3693)
    at eZt.triggerConfigurationChange (vscode-file://vscode-app/usr/share/code/resources/app/out/vs/workbench/workbench.desktop.main.js:4955:61813)
    at eZt.onDefaultConfigurationChanged (vscode-file://vscode-app/usr/share/code/resources/app/out/vs/workbench/workbench.desktop.main.js:4955:52606)
    at Qye.value (vscode-file://vscode-app/usr/share/code/resources/app/out/vs/workbench/workbench.desktop.main.js:4955:39341)
    at T._deliver (vscode-file://vscode-app/usr/share/code/resources/app/out/vs/workbench/workbench.desktop.main.js:405:3269)
    at T._deliverQueue (vscode-file://vscode-app/usr/share/code/resources/app/out/vs/workbench/workbench.desktop.main.js:405:3358)
    at T.fire (vscode-file://vscode-app/usr/share/code/resources/app/out/vs/workbench/workbench.desktop.main.js:405:3693)
    at a.onDidUpdateConfiguration (vscode-file://vscode-app/usr/share/code/resources/app/out/vs/workbench/workbench.desktop.main.js:4954:2736)
    at a.onDidUpdateConfiguration (vscode-file://vscode-app/usr/share/code/resources/app/out/vs/workbench/workbench.desktop.main.js:4955:14378)
    at Qye.value (vscode-file://vscode-app/usr/share/code/resources/app/out/vs/workbench/workbench.desktop.main.js:4954:2450)
    at T._deliver (vscode-file://vscode-app/usr/share/code/resources/app/out/vs/workbench/workbench.desktop.main.js:405:3269)
    at T._deliverQueue (vscode-file://vscode-app/usr/share/code/resources/app/out/vs/workbench/workbench.desktop.main.js:405:3358)
    at T.fire (vscode-file://vscode-app/usr/share/code/resources/app/out/vs/workbench/workbench.desktop.main.js:405:3693)
    at tri.updateConfigurations (vscode-file://vscode-app/usr/share/code/resources/app/out/vs/workbench/workbench.desktop.main.js:434:73953)
    at lyi (vscode-file://vscode-app/usr/share/code/resources/app/out/vs/workbench/workbench.desktop.main.js:1028:1465)
    at fIe._updateConfiguration (vscode-file://vscode-app/usr/share/code/resources/app/out/vs/workbench/workbench.desktop.main.js:4135:15478)
    at Qye.value (vscode-file://vscode-app/usr/share/code/resources/app/out/vs/workbench/workbench.desktop.main.js:4135:14964)
    at T._deliver (vscode-file://vscode-app/usr/share/code/resources/app/out/vs/workbench/workbench.desktop.main.js:405:3269)
    at T.fire (vscode-file://vscode-app/usr/share/code/resources/app/out/vs/workbench/workbench.desktop.main.js:405:3588)
    at sii._fn (vscode-file://vscode-app/usr/share/code/resources/app/out/vs/workbench/workbench.desktop.main.js:1043:34691)
    at sii.dispose (vscode-file://vscode-app/usr/share/code/resources/app/out/vs/workbench/workbench.desktop.main.js:403:1320)
    at je (vscode-file://vscode-app/usr/share/code/resources/app/out/vs/workbench/workbench.desktop.main.js:403:747)
    at vy.clear (vscode-file://vscode-app/usr/share/code/resources/app/out/vs/workbench/workbench.desktop.main.js:403:1636)
    at vy.dispose (vscode-file://vscode-app/usr/share/code/resources/app/out/vs/workbench/workbench.desktop.main.js:403:1546)
    at Qye.value (vscode-file://vscode-app/usr/share/code/resources/app/out/vs/workbench/workbench.desktop.main.js:4026:26694)
    at T._deliver (vscode-file://vscode-app/usr/share/code/resources/app/out/vs/workbench/workbench.desktop.main.js:405:3269)
    at T._deliverQueue (vscode-file://vscode-app/usr/share/code/resources/app/out/vs/workbench/workbench.desktop.main.js:405:3358)
    at T.fire (vscode-file://vscode-app/usr/share/code/resources/app/out/vs/workbench/workbench.desktop.main.js:405:3693)
    at Ov.dispose (vscode-file://vscode-app/usr/share/code/resources/app/out/vs/workbench/workbench.desktop.main.js:4029:5533)
    at JC._onWillShutdown (vscode-file://vscode-app/usr/share/code/resources/app/out/vs/workbench/workbench.desktop.main.js:4031:47674)
    at Qye.value (vscode-file://vscode-app/usr/share/code/resources/app/out/vs/workbench/workbench.desktop.main.js:4031:34284)
    at T._deliver (vscode-file://vscode-app/usr/share/code/resources/app/out/vs/workbench/workbench.desktop.main.js:405:3269)
    at T._deliverQueue (vscode-file://vscode-app/usr/share/code/resources/app/out/vs/workbench/workbench.desktop.main.js:405:3358)
    at T.fire (vscode-file://vscode-app/usr/share/code/resources/app/out/vs/workbench/workbench.desktop.main.js:405:3693)
    at Uae.handleWillShutdown (vscode-file://vscode-app/usr/share/code/resources/app/out/vs/workbench/workbench.desktop.main.js:4961:15291)
    at vscode-file://vscode-app/usr/share/code/resources/app/out/vs/workbench/workbench.desktop.main.js:4961:14068
