2026-05-28 20:42:25.449 [info] Started local extension host with pid 5194.
2026-05-28 20:42:26.336 [error] Ignoring python.analysis.indexing.followSymlinkedFolders as python.analysis.indexing is true
2026-05-28 20:42:26.427 [error] Ignoring python.analysis.indexing.followSymlinkedFolders as python.analysis.indexing is true
2026-05-28 20:42:27.627 [info] [AccountPolicyGate] apply: state=inactive, reason=undefined, isRestricted=false
2026-05-28 20:42:28.224 [info] Settings Sync: Account status changed from uninitialized to unavailable
2026-05-28 20:42:28.744 [info] [perf] Render performance baseline is 20ms
2026-05-28 20:42:32.027 [error] [File Watcher ('parcel')] Unexpected error: Permission denied (EUNKNOWN) (path: /)
2026-05-28 20:42:32.028 [error] [File Watcher (universal)] Permission denied
2026-05-28 20:42:32.628 [info] [AccountPolicyGate] apply: state=inactive, reason=undefined, isRestricted=false
2026-05-28 21:12:38.449 [error] An unknown error occurred. Please consult the log for more details.
2026-05-28 22:35:20.789 [error] Cannot read properties of undefined (reading 'then'): TypeError: Cannot read properties of undefined (reading 'then')
    at b2e.setDimensions (vscode-file://vscode-app/usr/share/code/resources/app/out/vs/workbench/workbench.desktop.main.js:4026:590)
    at Ov._updatePtyDimensions (vscode-file://vscode-app/usr/share/code/resources/app/out/vs/workbench/workbench.desktop.main.js:4030:3437)
    at bpt._resizeBothCallback (vscode-file://vscode-app/usr/share/code/resources/app/out/vs/workbench/workbench.desktop.main.js:4026:33479)
    at bpt.resize (vscode-file://vscode-app/usr/share/code/resources/app/out/vs/workbench/workbench.desktop.main.js:4026:14619)
    at Ov._resize (vscode-file://vscode-app/usr/share/code/resources/app/out/vs/workbench/workbench.desktop.main.js:4030:3214)
    at Ov.setVisible (vscode-file://vscode-app/usr/share/code/resources/app/out/vs/workbench/workbench.desktop.main.js:4029:7142)
    at Qye.value (vscode-file://vscode-app/usr/share/code/resources/app/out/vs/workbench/workbench.desktop.main.js:4026:25112)
    at T._deliver (vscode-file://vscode-app/usr/share/code/resources/app/out/vs/workbench/workbench.desktop.main.js:405:3269)
    at T._deliverQueue (vscode-file://vscode-app/usr/share/code/resources/app/out/vs/workbench/workbench.desktop.main.js:405:3358)
    at T.fire (vscode-file://vscode-app/usr/share/code/resources/app/out/vs/workbench/workbench.desktop.main.js:405:3693)
    at eZt.triggerConfigurationChange (vscode-file://vscode-app/usr/share/code/resources/app/out/vs/workbench/workbench.desktop.main.js:4955:61813)
    at eZt.onDefaultConfigurationChanged (vscode-file://vscode-app/usr/share/code/resources/app/out/vs/workbench/workbench.desktop.main.js:4955:52606)
    at Qye.value (vscode-file://vscode-app/usr/share/code/resources/app/out/vs/workbench/workbench.desktop.main.js:4955:39341)
    at T._deliver (vscode-file://vscode-app/usr/share/code/resources/app/out/vs/workbench/workbench.desktop.main.js:405:3269)
    at T._deliverQueue (vscode-file://vscode-app/usr/share/code/resources/app/out/vs/workbench/workbench.desktop.main.js:405:3358)
    at T.fire (vscode-file://vscode-app/usr/share/code/resources/app/out/vs/workbench/workbench.desktop.main.js:405:3693)
    at a.onDidUpdateConfiguration (vscode-file://vscode-app/usr/share/code/resources/app/out/vs/workbench/workbench.desktop.main.js:4954:2736)
    at a.onDidUpdateConfiguration (vscode-file://vscode-app/usr/share/code/resources/app/out/vs/workbench/workbench.desktop.main.js:4955:14378)
    at Qye.value (vscode-file://vscode-app/usr/share/code/resources/app/out/vs/workbench/workbench.desktop.main.js:4954:2450)
    at T._deliver (vscode-file://vscode-app/usr/share/code/resources/app/out/vs/workbench/workbench.desktop.main.js:405:3269)
    at T._deliverQueue (vscode-file://vscode-app/usr/share/code/resources/app/out/vs/workbench/workbench.desktop.main.js:405:3358)
    at T.fire (vscode-file://vscode-app/usr/share/code/resources/app/out/vs/workbench/workbench.desktop.main.js:405:3693)
    at tri.updateConfigurations (vscode-file://vscode-app/usr/share/code/resources/app/out/vs/workbench/workbench.desktop.main.js:434:73953)
    at lyi (vscode-file://vscode-app/usr/share/code/resources/app/out/vs/workbench/workbench.desktop.main.js:1028:1465)
    at fIe._updateConfiguration (vscode-file://vscode-app/usr/share/code/resources/app/out/vs/workbench/workbench.desktop.main.js:4135:15478)
    at Qye.value (vscode-file://vscode-app/usr/share/code/resources/app/out/vs/workbench/workbench.desktop.main.js:4135:14964)
    at T._deliver (vscode-file://vscode-app/usr/share/code/resources/app/out/vs/workbench/workbench.desktop.main.js:405:3269)
    at T.fire (vscode-file://vscode-app/usr/share/code/resources/app/out/vs/workbench/workbench.desktop.main.js:405:3588)
    at sii._fn (vscode-file://vscode-app/usr/share/code/resources/app/out/vs/workbench/workbench.desktop.main.js:1043:34691)
    at sii.dispose (vscode-file://vscode-app/usr/share/code/resources/app/out/vs/workbench/workbench.desktop.main.js:403:1320)
    at je (vscode-file://vscode-app/usr/share/code/resources/app/out/vs/workbench/workbench.desktop.main.js:403:747)
    at vy.clear (vscode-file://vscode-app/usr/share/code/resources/app/out/vs/workbench/workbench.desktop.main.js:403:1636)
    at vy.dispose (vscode-file://vscode-app/usr/share/code/resources/app/out/vs/workbench/workbench.desktop.main.js:403:1546)
    at Qye.value (vscode-file://vscode-app/usr/share/code/resources/app/out/vs/workbench/workbench.desktop.main.js:4026:26694)
    at T._deliver (vscode-file://vscode-app/usr/share/code/resources/app/out/vs/workbench/workbench.desktop.main.js:405:3269)
    at T._deliverQueue (vscode-file://vscode-app/usr/share/code/resources/app/out/vs/workbench/workbench.desktop.main.js:405:3358)
    at T.fire (vscode-file://vscode-app/usr/share/code/resources/app/out/vs/workbench/workbench.desktop.main.js:405:3693)
    at Ov.dispose (vscode-file://vscode-app/usr/share/code/resources/app/out/vs/workbench/workbench.desktop.main.js:4029:5533)
    at JC._onWillShutdown (vscode-file://vscode-app/usr/share/code/resources/app/out/vs/workbench/workbench.desktop.main.js:4031:47674)
    at Qye.value (vscode-file://vscode-app/usr/share/code/resources/app/out/vs/workbench/workbench.desktop.main.js:4031:34284)
    at T._deliver (vscode-file://vscode-app/usr/share/code/resources/app/out/vs/workbench/workbench.desktop.main.js:405:3269)
    at T._deliverQueue (vscode-file://vscode-app/usr/share/code/resources/app/out/vs/workbench/workbench.desktop.main.js:405:3358)
    at T.fire (vscode-file://vscode-app/usr/share/code/resources/app/out/vs/workbench/workbench.desktop.main.js:405:3693)
    at Uae.handleWillShutdown (vscode-file://vscode-app/usr/share/code/resources/app/out/vs/workbench/workbench.desktop.main.js:4961:15291)
    at vscode-file://vscode-app/usr/share/code/resources/app/out/vs/workbench/workbench.desktop.main.js:4961:14068
