2026-05-27 17:54:16.958 [info] Revived process, old id 1779735355290-1 -> new id 1
2026-05-27 17:54:16.958 [info] Revived process, old id 1779735355290-2 -> new id 2
2026-05-27 17:54:16.958 [info] Revived process, old id 1779735355290-3 -> new id 3
2026-05-27 17:54:16.958 [info] Revived process, old id 1779735355290-5 -> new id 4
2026-05-27 17:54:17.227 [info] Expanding terminal instance, old id 1779735355290-1 -> new id 1
2026-05-27 17:54:17.227 [info] Expanding terminal instance, old id 1779735355290-2 -> new id 2
2026-05-27 17:54:17.227 [info] Expanding terminal instance, old id 1779735355290-3 -> new id 3
2026-05-27 17:54:17.227 [info] Expanding terminal instance, old id 1779735355290-5 -> new id 4
2026-05-27 17:54:18.020 [warning] Persistent process "1": Process had no disconnect runners but was an orphan
2026-05-27 17:54:18.020 [info] Persistent process reconnection "1"
2026-05-27 17:54:18.021 [warning] Persistent process "2": Process had no disconnect runners but was an orphan
2026-05-27 17:54:18.021 [info] Persistent process reconnection "2"
2026-05-27 17:54:18.021 [warning] Persistent process "3": Process had no disconnect runners but was an orphan
2026-05-27 17:54:18.021 [info] Persistent process reconnection "3"
2026-05-27 17:54:18.021 [warning] Persistent process "4": Process had no disconnect runners but was an orphan
2026-05-27 17:54:18.021 [info] Persistent process reconnection "4"
2026-05-27 17:54:18.127 [info] Persistent process "1": Replaying 621 chars and 1 size events
2026-05-27 17:54:18.153 [info] Persistent process "2": Replaying 2257 chars and 1 size events
2026-05-27 17:54:18.163 [info] Persistent process "3": Replaying 6421 chars and 1 size events
2026-05-27 17:54:18.184 [info] Persistent process "4": Replaying 2070 chars and 1 size events
