2026-05-30 10:57:29.606 [info] Revived process, old id 1779735355290-1 -> new id 1
2026-05-30 10:57:29.606 [info] Revived process, old id 1779735355290-2 -> new id 2
2026-05-30 10:57:29.606 [info] Revived process, old id 1779735355290-3 -> new id 3
2026-05-30 10:57:29.606 [info] Revived process, old id 1779735355290-4 -> new id 4
2026-05-30 10:57:29.606 [info] Revived process, old id 1779735355290-5 -> new id 5
2026-05-30 10:57:29.606 [info] Revived process, old id 1779735355290-6 -> new id 6
2026-05-30 10:57:29.606 [info] Revived process, old id 1779735355290-7 -> new id 7
2026-05-30 10:57:29.606 [info] Revived process, old id 1779735355290-8 -> new id 8
2026-05-30 10:57:29.606 [info] Revived process, old id 1779735355290-9 -> new id 9
2026-05-30 10:57:29.606 [info] Revived process, old id 1779735355290-11 -> new id 10
2026-05-30 10:57:29.682 [info] Expanding terminal instance, old id 1779735355290-1 -> new id 1
2026-05-30 10:57:29.683 [info] Expanding terminal instance, old id 1779735355290-2 -> new id 2
2026-05-30 10:57:29.683 [info] Expanding terminal instance, old id 1779735355290-3 -> new id 3
2026-05-30 10:57:29.683 [info] Expanding terminal instance, old id 1779735355290-4 -> new id 4
2026-05-30 10:57:29.683 [info] Expanding terminal instance, old id 1779735355290-5 -> new id 5
2026-05-30 10:57:29.683 [info] Expanding terminal instance, old id 1779735355290-6 -> new id 6
2026-05-30 10:57:29.683 [info] Expanding terminal instance, old id 1779735355290-7 -> new id 7
2026-05-30 10:57:29.683 [info] Expanding terminal instance, old id 1779735355290-8 -> new id 8
2026-05-30 10:57:29.683 [info] Expanding terminal instance, old id 1779735355290-9 -> new id 9
2026-05-30 10:57:29.683 [info] Expanding terminal instance, old id 1779735355290-11 -> new id 10
2026-05-30 10:57:30.654 [warning] Persistent process "1": Process had no disconnect runners but was an orphan
2026-05-30 10:57:30.654 [info] Persistent process reconnection "1"
2026-05-30 10:57:30.655 [warning] Persistent process "2": Process had no disconnect runners but was an orphan
2026-05-30 10:57:30.655 [info] Persistent process reconnection "2"
2026-05-30 10:57:30.655 [warning] Persistent process "3": Process had no disconnect runners but was an orphan
2026-05-30 10:57:30.655 [info] Persistent process reconnection "3"
2026-05-30 10:57:30.656 [warning] Persistent process "4": Process had no disconnect runners but was an orphan
2026-05-30 10:57:30.656 [info] Persistent process reconnection "4"
2026-05-30 10:57:30.656 [warning] Persistent process "5": Process had no disconnect runners but was an orphan
2026-05-30 10:57:30.656 [info] Persistent process reconnection "5"
2026-05-30 10:57:30.656 [warning] Persistent process "6": Process had no disconnect runners but was an orphan
2026-05-30 10:57:30.656 [info] Persistent process reconnection "6"
2026-05-30 10:57:30.656 [warning] Persistent process "7": Process had no disconnect runners but was an orphan
2026-05-30 10:57:30.656 [info] Persistent process reconnection "7"
2026-05-30 10:57:30.656 [warning] Persistent process "8": Process had no disconnect runners but was an orphan
2026-05-30 10:57:30.656 [info] Persistent process reconnection "8"
2026-05-30 10:57:30.657 [warning] Persistent process "9": Process had no disconnect runners but was an orphan
2026-05-30 10:57:30.657 [info] Persistent process reconnection "9"
2026-05-30 10:57:30.657 [warning] Persistent process "10": Process had no disconnect runners but was an orphan
2026-05-30 10:57:30.657 [info] Persistent process reconnection "10"
2026-05-30 10:57:30.789 [info] Persistent process "1": Replaying 1253 chars and 1 size events
2026-05-30 10:57:30.918 [info] Persistent process "2": Replaying 2864 chars and 1 size events
2026-05-30 10:57:30.929 [info] Persistent process "3": Replaying 6257 chars and 1 size events
2026-05-30 10:57:30.939 [info] Persistent process "4": Replaying 2695 chars and 1 size events
2026-05-30 10:57:30.943 [info] Persistent process "5": Replaying 1476 chars and 1 size events
2026-05-30 10:57:30.962 [info] Persistent process "7": Replaying 1530 chars and 1 size events
2026-05-30 10:57:30.973 [info] Persistent process "6": Replaying 2340 chars and 1 size events
2026-05-30 10:57:30.984 [info] Persistent process "8": Replaying 2802 chars and 1 size events
2026-05-30 10:57:30.998 [info] Persistent process "9": Replaying 1092 chars and 1 size events
2026-05-30 10:57:31.007 [info] Persistent process "10": Replaying 382 chars and 1 size events
