2026-05-27 13:20:44.354 [info] Python-envs extension version: 1.30.0
2026-05-27 13:20:44.354 [info] 
=== Python Envs Configuration Levels ===
2026-05-27 13:20:44.354 [info] {
  "section": "Python Envs Configuration Levels",
  "defaultEnvManager": {
    "workspaceFolderValue": "undefined",
    "workspaceValue": "undefined",
    "globalValue": "undefined",
    "defaultValue": "ms-python.python:venv"
  },
  "defaultPackageManager": {
    "workspaceFolderValue": "undefined",
    "workspaceValue": "undefined",
    "globalValue": "undefined",
    "defaultValue": "ms-python.python:pip"
  }
}
2026-05-27 13:20:44.354 [info] [pet] Starting Python Locator /home/sayan/.vscode/extensions/ms-python.vscode-python-envs-1.30.0-linux-x64/python-env-tools/bin/pet server
2026-05-27 13:20:44.354 [info] Registering pyenv manager (environments will be discovered lazily)
2026-05-27 13:20:44.354 [info] Registering pipenv manager (environments will be discovered lazily)
2026-05-27 13:20:44.354 [info] Registering poetry manager (environments will be discovered lazily)
2026-05-27 13:20:44.357 [warning] No workspace folder for relative search path: .venv
2026-05-27 13:20:44.357 [warning] No workspace folder for relative search path: */.venv
2026-05-27 13:20:44.358 [info] [pet] configure: Sending configuration update: {"workspaceDirectories":[],"environmentDirectories":[],"pipenvExecutable":"pipenv","poetryExecutable":"poetry","cacheDirectory":"/home/sayan/.config/Code/User/globalStorage/ms-python.vscode-python-envs/pythonLocator"}
2026-05-27 13:20:44.393 [info] Discovered env: /usr/bin/python3
2026-05-27 13:20:44.406 [info] Conda not found, turning off conda features. [Error: Conda not found
	at F (/home/sayan/.vscode/extensions/ms-python.vscode-python-envs-1.30.0-linux-x64/dist/extension.js:2:607042)
	at runNextTicks (node:internal/process/task_queues:64:5)
	at process.processImmediate (node:internal/timers:452:9)
	at async L (/home/sayan/.vscode/extensions/ms-python.vscode-python-envs-1.30.0-linux-x64/dist/extension.js:2:607167)
	at async t.registerCondaFeatures (/home/sayan/.vscode/extensions/ms-python.vscode-python-envs-1.30.0-linux-x64/dist/extension.js:2:627092)
	at async t.safeRegister (/home/sayan/.vscode/extensions/ms-python.vscode-python-envs-1.30.0-linux-x64/dist/extension.js:2:282415)
	at async Promise.all (index 1)
	at async Immediate.<anonymous> (/home/sayan/.vscode/extensions/ms-python.vscode-python-envs-1.30.0-linux-x64/dist/extension.js:2:752995)]
2026-05-27 13:20:44.407 [info] [interpreterSelection] Applying initial environment selection for 0 workspace folder(s)
2026-05-27 13:20:44.414 [info] [pet] Telemetry:  {"event":"RefreshPerformance","data":{"refreshPerformance":{"total":39,"breakdown":{"GlobalVirtualEnvs":0,"Locators":33,"Path":39,"Workspaces":0},"locators":{"Conda":33,"Homebrew":0,"LinuxGlobal":29,"PipEnv":0,"Pixi":0,"Poetry":0,"PyEnv":0,"Uv":0,"Venv":0,"VirtualEnv":0,"VirtualEnvWrapper":0}}}}
2026-05-27 13:20:44.460 [info] [interpreterSelection] global: Python 3.12.3 (source: autoDiscovery)
2026-05-27 13:20:44.499 [info] Extension for manager ms-python.python:venv is not active: Activating...
2026-05-27 13:20:44.500 [info] Python API: Changed environment from undefined to Python 3.12.3 for: global
2026-05-27 13:20:44.500 [info] Internal: Changed environment from undefined to Python 3.12.3 for: global
2026-05-27 13:20:44.564 [info] Extension for manager ms-python.python:venv is now active.
2026-05-27 13:20:44.567 [info] Refreshing pyenv environments
2026-05-27 13:20:44.574 [info] Refreshing Pyenv Environments
2026-05-27 13:20:44.574 [info] Refreshing pyenv environments
2026-05-27 13:20:44.574 [info] Refreshing Pipenv Environments
2026-05-27 13:20:44.574 [info] Refreshing pipenv environments
2026-05-27 13:20:44.574 [info] Refreshing Poetry Environments
2026-05-27 13:20:44.574 [info] Refreshing poetry environments
2026-05-27 13:20:44.574 [warning] No workspace folder for relative search path: .venv
2026-05-27 13:20:44.574 [warning] No workspace folder for relative search path: */.venv
2026-05-27 13:20:44.677 [info] Discovered env: /usr/bin/python3
2026-05-27 13:20:44.685 [warning] No workspace folder for relative search path: .venv
2026-05-27 13:20:44.685 [warning] No workspace folder for relative search path: */.venv
2026-05-27 13:20:44.703 [info] [pet] Telemetry:  {"event":"RefreshPerformance","data":{"refreshPerformance":{"total":28,"breakdown":{"GlobalVirtualEnvs":0,"Locators":19,"Path":28,"Workspaces":0},"locators":{"Conda":15,"Homebrew":0,"LinuxGlobal":18,"PipEnv":0,"Pixi":0,"Poetry":0,"PyEnv":0,"Uv":0,"Venv":0,"VirtualEnv":0,"VirtualEnvWrapper":0}}}}
2026-05-27 13:20:44.712 [info] Pipenv not found via settings, cache, or PATH
2026-05-27 13:20:44.713 [info] Refreshing pipenv environments
2026-05-27 13:20:44.717 [info] Pipenv not found via settings, cache, or PATH
2026-05-27 13:20:44.717 [info] Found 0 pipenv environments
2026-05-27 13:20:44.719 [info] Pipenv not found via settings, cache, or PATH
2026-05-27 13:20:44.723 [info] Refreshing poetry environments
2026-05-27 13:20:44.724 [info] Poetry executable not found
2026-05-27 13:20:44.726 [info] Environment discovery complete: 1 environments found (Global: 1)
2026-05-27 13:20:44.727 [info] Discovered env: /usr/bin/python3
2026-05-27 13:20:44.739 [warning] No workspace folder for relative search path: .venv
2026-05-27 13:20:44.739 [warning] No workspace folder for relative search path: */.venv
2026-05-27 13:20:44.757 [info] [pet] Telemetry:  {"event":"RefreshPerformance","data":{"refreshPerformance":{"total":31,"breakdown":{"GlobalVirtualEnvs":0,"Locators":22,"Path":31,"Workspaces":0},"locators":{"Conda":17,"Homebrew":0,"LinuxGlobal":21,"PipEnv":0,"Pixi":0,"Poetry":0,"PyEnv":0,"Uv":0,"Venv":0,"VirtualEnv":0,"VirtualEnvWrapper":0}}}}
2026-05-27 13:20:44.778 [info] Discovered env: /usr/bin/python3
2026-05-27 13:20:44.792 [warning] No workspace folder for relative search path: .venv
2026-05-27 13:20:44.792 [warning] No workspace folder for relative search path: */.venv
2026-05-27 13:20:44.794 [info] [pet] Telemetry:  {"event":"RefreshPerformance","data":{"refreshPerformance":{"total":32,"breakdown":{"GlobalVirtualEnvs":0,"Locators":19,"Path":32,"Workspaces":0},"locators":{"Conda":14,"Homebrew":0,"LinuxGlobal":17,"PipEnv":0,"Pixi":0,"Poetry":0,"PyEnv":0,"Uv":0,"Venv":0,"VirtualEnv":0,"VirtualEnvWrapper":0}}}}
2026-05-27 13:20:44.814 [info] Discovered env: /usr/bin/python3
2026-05-27 13:20:44.824 [warning] No workspace folder for relative search path: .venv
2026-05-27 13:20:44.824 [warning] No workspace folder for relative search path: */.venv
2026-05-27 13:20:44.827 [info] [pet] Telemetry:  {"event":"RefreshPerformance","data":{"refreshPerformance":{"total":27,"breakdown":{"GlobalVirtualEnvs":0,"Locators":18,"Path":27,"Workspaces":0},"locators":{"Conda":16,"Homebrew":0,"LinuxGlobal":16,"PipEnv":0,"Pixi":0,"Poetry":0,"PyEnv":0,"Uv":0,"Venv":0,"VirtualEnv":0,"VirtualEnvWrapper":0}}}}
2026-05-27 13:20:44.830 [info] Pipenv not found via settings, cache, or PATH
2026-05-27 13:20:44.830 [info] Found 0 pipenv environments
2026-05-27 13:20:44.848 [info] Discovered env: /usr/bin/python3
2026-05-27 13:20:44.860 [info] [pet] Telemetry:  {"event":"RefreshPerformance","data":{"refreshPerformance":{"total":29,"breakdown":{"GlobalVirtualEnvs":0,"Locators":19,"Path":29,"Workspaces":0},"locators":{"Conda":15,"Homebrew":0,"LinuxGlobal":17,"PipEnv":0,"Pixi":0,"Poetry":0,"PyEnv":0,"Uv":0,"Venv":0,"VirtualEnv":0,"VirtualEnvWrapper":0}}}}
2026-05-27 13:20:44.860 [info] Poetry executable not found
2026-05-27 13:20:47.833 [info] runInTerminal: sendText /usr/bin/python3 "/home/sayan/PROBLEM'S OF uNIQUE RANDOMIZATION.py"
2026-05-27 13:27:46.597 [info] runInTerminal: executeCommand /usr/bin/python3 "/home/sayan/concept related to Bagels.py"
2026-05-27 14:41:50.151 [info] runInTerminal: executeCommand /usr/bin/python3 "/home/sayan/concept related to Bagels.py"
2026-05-27 14:44:15.342 [info] runInTerminal: executeCommand /usr/bin/python3 "/home/sayan/concept related to Bagels.py"
2026-05-27 14:48:14.300 [info] runInTerminal: executeCommand /usr/bin/python3 "/home/sayan/PROBLEM'S OF uNIQUE RANDOMIZATION.py"
2026-05-27 14:50:49.676 [info] runInTerminal: executeCommand /usr/bin/python3 "/home/sayan/PROBLEM'S OF uNIQUE RANDOMIZATION.py"
2026-05-27 14:54:53.282 [info] runInTerminal: executeCommand /usr/bin/python3 "/home/sayan/PROBLEM'S OF uNIQUE RANDOMIZATION.py"
2026-05-27 14:55:02.374 [info] runInTerminal: executeCommand /usr/bin/python3 "/home/sayan/PROBLEM'S OF uNIQUE RANDOMIZATION.py"
2026-05-27 14:55:51.112 [info] runInTerminal: executeCommand /usr/bin/python3 "/home/sayan/PROBLEM'S OF uNIQUE RANDOMIZATION.py"
2026-05-27 14:59:06.654 [info] runInTerminal: executeCommand /usr/bin/python3 "/home/sayan/PROBLEM'S OF uNIQUE RANDOMIZATION.py"
2026-05-27 15:07:07.603 [info] runInTerminal: executeCommand /usr/bin/python3 "/home/sayan/PROBLEM'S OF uNIQUE RANDOMIZATION.py"
2026-05-27 15:07:37.201 [info] runInTerminal: executeCommand /usr/bin/python3 "/home/sayan/PROBLEM'S OF uNIQUE RANDOMIZATION.py"
2026-05-27 15:16:07.573 [info] runInTerminal: executeCommand /usr/bin/python3 /home/sayan/fruit.py
2026-05-27 15:16:35.264 [info] runInTerminal: executeCommand /usr/bin/python3 /home/sayan/fruit.py
2026-05-27 15:17:10.560 [info] runInTerminal: executeCommand /usr/bin/python3 /home/sayan/fruit.py
2026-05-27 15:21:33.826 [info] runInTerminal: executeCommand /usr/bin/python3 "/home/sayan/PROBLEM'S OF uNIQUE RANDOMIZATION.py"
2026-05-27 15:30:57.122 [info] runInTerminal: executeCommand /usr/bin/python3 /home/sayan/fruit.py
2026-05-27 15:34:03.037 [info] runInTerminal: executeCommand /usr/bin/python3 /home/sayan/fruit.py
2026-05-27 15:37:16.198 [info] runInTerminal: executeCommand /usr/bin/python3 /home/sayan/fruit.py
2026-05-27 15:37:27.728 [info] runInTerminal: executeCommand /usr/bin/python3 /home/sayan/fruit.py
2026-05-27 15:41:27.265 [info] runInTerminal: executeCommand /usr/bin/python3 /home/sayan/fruit.py
2026-05-27 15:41:42.309 [info] runInTerminal: executeCommand /usr/bin/python3 /home/sayan/fruit.py
2026-05-27 15:42:31.181 [info] runInTerminal: executeCommand /usr/bin/python3 /home/sayan/fruit.py
2026-05-27 15:42:43.472 [info] runInTerminal: executeCommand /usr/bin/python3 /home/sayan/fruit.py
2026-05-27 15:42:55.978 [info] runInTerminal: executeCommand /usr/bin/python3 /home/sayan/fruit.py
2026-05-27 15:43:01.814 [info] runInTerminal: executeCommand /usr/bin/python3 /home/sayan/fruit.py
2026-05-27 15:43:20.175 [info] runInTerminal: executeCommand /usr/bin/python3 /home/sayan/fruit.py
