2026-05-30 10:57:31.743 [info] Python-envs extension version: 1.30.0
2026-05-30 10:57:31.743 [info] 
=== Python Envs Configuration Levels ===
2026-05-30 10:57:31.743 [info] {
  "section": "Python Envs Configuration Levels",
  "defaultEnvManager": {
    "workspaceFolderValue": "undefined",
    "workspaceValue": "undefined",
    "globalValue": "undefined",
    "defaultValue": "ms-python.python:venv"
  },
  "defaultPackageManager": {
    "workspaceFolderValue": "undefined",
    "workspaceValue": "undefined",
    "globalValue": "undefined",
    "defaultValue": "ms-python.python:pip"
  }
}
2026-05-30 10:57:31.743 [info] [pet] Starting Python Locator /home/sayan/.vscode/extensions/ms-python.vscode-python-envs-1.30.0-linux-x64/python-env-tools/bin/pet server
2026-05-30 10:57:31.743 [info] Registering pyenv manager (environments will be discovered lazily)
2026-05-30 10:57:31.743 [info] Registering pipenv manager (environments will be discovered lazily)
2026-05-30 10:57:31.743 [info] Registering poetry manager (environments will be discovered lazily)
2026-05-30 10:57:31.746 [warning] No workspace folder for relative search path: .venv
2026-05-30 10:57:31.746 [warning] No workspace folder for relative search path: */.venv
2026-05-30 10:57:31.747 [info] [pet] configure: Sending configuration update: {"workspaceDirectories":[],"environmentDirectories":[],"pipenvExecutable":"pipenv","poetryExecutable":"poetry","cacheDirectory":"/home/sayan/.config/Code/User/globalStorage/ms-python.vscode-python-envs/pythonLocator"}
2026-05-30 10:57:31.874 [info] Discovered env: /usr/bin/python3
2026-05-30 10:57:31.900 [info] Conda not found, turning off conda features. [Error: Conda not found
	at F (/home/sayan/.vscode/extensions/ms-python.vscode-python-envs-1.30.0-linux-x64/dist/extension.js:2:607042)
	at async L (/home/sayan/.vscode/extensions/ms-python.vscode-python-envs-1.30.0-linux-x64/dist/extension.js:2:607167)
	at async t.registerCondaFeatures (/home/sayan/.vscode/extensions/ms-python.vscode-python-envs-1.30.0-linux-x64/dist/extension.js:2:627092)
	at async t.safeRegister (/home/sayan/.vscode/extensions/ms-python.vscode-python-envs-1.30.0-linux-x64/dist/extension.js:2:282415)
	at async Promise.all (index 1)
	at async Immediate.<anonymous> (/home/sayan/.vscode/extensions/ms-python.vscode-python-envs-1.30.0-linux-x64/dist/extension.js:2:752995)]
2026-05-30 10:57:31.902 [info] [interpreterSelection] Applying initial environment selection for 0 workspace folder(s)
2026-05-30 10:57:31.925 [info] [pet] Telemetry:  {"event":"RefreshPerformance","data":{"refreshPerformance":{"total":41,"breakdown":{"GlobalVirtualEnvs":0,"Locators":40,"Path":40,"Workspaces":0},"locators":{"Conda":40,"Homebrew":0,"LinuxGlobal":31,"PipEnv":0,"Pixi":0,"Poetry":0,"PyEnv":0,"Uv":0,"Venv":0,"VirtualEnv":0,"VirtualEnvWrapper":0}}}}
2026-05-30 10:57:31.935 [info] [interpreterSelection] global: Python 3.12.3 (source: autoDiscovery)
2026-05-30 10:57:31.945 [info] Extension for manager ms-python.python:venv is not active: Activating...
2026-05-30 10:57:31.946 [info] Python API: Changed environment from undefined to Python 3.12.3 for: global
2026-05-30 10:57:31.946 [info] Internal: Changed environment from undefined to Python 3.12.3 for: global
2026-05-30 10:57:32.028 [info] Extension for manager ms-python.python:venv is now active.
2026-05-30 10:57:32.047 [info] Refreshing Pyenv Environments
2026-05-30 10:57:32.047 [info] Refreshing pyenv environments
2026-05-30 10:57:32.047 [info] Refreshing Pipenv Environments
2026-05-30 10:57:32.047 [info] Refreshing pipenv environments
2026-05-30 10:57:32.047 [info] Refreshing Poetry Environments
2026-05-30 10:57:32.047 [info] Refreshing poetry environments
2026-05-30 10:57:32.048 [warning] No workspace folder for relative search path: .venv
2026-05-30 10:57:32.048 [warning] No workspace folder for relative search path: */.venv
2026-05-30 10:57:32.209 [info] Discovered env: /usr/bin/python3
2026-05-30 10:57:32.216 [warning] No workspace folder for relative search path: .venv
2026-05-30 10:57:32.216 [warning] No workspace folder for relative search path: */.venv
2026-05-30 10:57:32.229 [info] Refreshing pyenv environments
2026-05-30 10:57:32.230 [info] [pet] Telemetry:  {"event":"RefreshPerformance","data":{"refreshPerformance":{"total":72,"breakdown":{"GlobalVirtualEnvs":0,"Locators":64,"Path":72,"Workspaces":0},"locators":{"Conda":64,"Homebrew":0,"LinuxGlobal":56,"PipEnv":0,"Pixi":0,"Poetry":0,"PyEnv":0,"Uv":0,"Venv":0,"VirtualEnv":0,"VirtualEnvWrapper":0}}}}
2026-05-30 10:57:32.259 [info] Pipenv not found via settings, cache, or PATH
2026-05-30 10:57:32.260 [info] Refreshing pipenv environments
2026-05-30 10:57:32.260 [info] Pipenv not found via settings, cache, or PATH
2026-05-30 10:57:32.260 [info] Found 0 pipenv environments
2026-05-30 10:57:32.262 [info] Pipenv not found via settings, cache, or PATH
2026-05-30 10:57:32.267 [info] Discovered env: /usr/bin/python3
2026-05-30 10:57:32.268 [info] Refreshing poetry environments
2026-05-30 10:57:32.269 [info] Poetry executable not found
2026-05-30 10:57:32.296 [warning] No workspace folder for relative search path: .venv
2026-05-30 10:57:32.296 [warning] No workspace folder for relative search path: */.venv
2026-05-30 10:57:32.300 [info] [pet] Telemetry:  {"event":"RefreshPerformance","data":{"refreshPerformance":{"total":39,"breakdown":{"GlobalVirtualEnvs":0,"Locators":30,"Path":36,"Workspaces":0},"locators":{"Conda":25,"Homebrew":0,"LinuxGlobal":26,"PipEnv":0,"Pixi":0,"Poetry":0,"PyEnv":0,"Uv":0,"Venv":0,"VirtualEnv":0,"VirtualEnvWrapper":0}}}}
2026-05-30 10:57:32.305 [info] Environment discovery complete: 1 environments found (Global: 1)
2026-05-30 10:57:32.328 [info] Discovered env: /usr/bin/python3
2026-05-30 10:57:32.341 [warning] No workspace folder for relative search path: .venv
2026-05-30 10:57:32.341 [warning] No workspace folder for relative search path: */.venv
2026-05-30 10:57:32.342 [info] [pet] Telemetry:  {"event":"RefreshPerformance","data":{"refreshPerformance":{"total":37,"breakdown":{"GlobalVirtualEnvs":0,"Locators":30,"Path":37,"Workspaces":0},"locators":{"Conda":29,"Homebrew":0,"LinuxGlobal":25,"PipEnv":0,"Pixi":0,"Poetry":0,"PyEnv":0,"Uv":0,"Venv":0,"VirtualEnv":0,"VirtualEnvWrapper":0}}}}
2026-05-30 10:57:32.366 [info] Discovered env: /usr/bin/python3
2026-05-30 10:57:32.376 [warning] No workspace folder for relative search path: .venv
2026-05-30 10:57:32.376 [warning] No workspace folder for relative search path: */.venv
2026-05-30 10:57:32.378 [info] [pet] Telemetry:  {"event":"RefreshPerformance","data":{"refreshPerformance":{"total":29,"breakdown":{"GlobalVirtualEnvs":0,"Locators":22,"Path":29,"Workspaces":0},"locators":{"Conda":18,"Homebrew":0,"LinuxGlobal":21,"PipEnv":0,"Pixi":0,"Poetry":0,"PyEnv":0,"Uv":0,"Venv":0,"VirtualEnv":0,"VirtualEnvWrapper":0}}}}
2026-05-30 10:57:32.379 [info] Pipenv not found via settings, cache, or PATH
2026-05-30 10:57:32.379 [info] Found 0 pipenv environments
2026-05-30 10:57:32.407 [info] Discovered env: /usr/bin/python3
2026-05-30 10:57:32.415 [info] [pet] Telemetry:  {"event":"RefreshPerformance","data":{"refreshPerformance":{"total":34,"breakdown":{"GlobalVirtualEnvs":0,"Locators":28,"Path":34,"Workspaces":0},"locators":{"Conda":24,"Homebrew":0,"LinuxGlobal":25,"PipEnv":0,"Pixi":0,"Poetry":0,"PyEnv":0,"Uv":0,"Venv":0,"VirtualEnv":0,"VirtualEnvWrapper":0}}}}
2026-05-30 10:57:32.416 [info] Poetry executable not found
