2026-05-27 23:55:37.747 [info] Revived process, old id 1779735355290-1 -> new id 1
2026-05-27 23:55:37.747 [info] Revived process, old id 1779735355290-2 -> new id 2
2026-05-27 23:55:37.747 [info] Revived process, old id 1779735355290-3 -> new id 3
2026-05-27 23:55:37.747 [info] Revived process, old id 1779735355290-4 -> new id 4
2026-05-27 23:55:37.747 [info] Revived process, old id 1779735355290-5 -> new id 5
2026-05-27 23:55:37.747 [info] Revived process, old id 1779735355290-7 -> new id 6
2026-05-27 23:55:37.986 [info] Expanding terminal instance, old id 1779735355290-1 -> new id 1
2026-05-27 23:55:37.986 [info] Expanding terminal instance, old id 1779735355290-2 -> new id 2
2026-05-27 23:55:37.986 [info] Expanding terminal instance, old id 1779735355290-3 -> new id 3
2026-05-27 23:55:37.987 [info] Expanding terminal instance, old id 1779735355290-4 -> new id 4
2026-05-27 23:55:37.987 [info] Expanding terminal instance, old id 1779735355290-5 -> new id 5
2026-05-27 23:55:37.987 [info] Expanding terminal instance, old id 1779735355290-7 -> new id 6
2026-05-27 23:55:38.816 [warning] Persistent process "1": Process had no disconnect runners but was an orphan
2026-05-27 23:55:38.816 [info] Persistent process reconnection "1"
2026-05-27 23:55:38.816 [warning] Persistent process "2": Process had no disconnect runners but was an orphan
2026-05-27 23:55:38.816 [info] Persistent process reconnection "2"
2026-05-27 23:55:38.816 [warning] Persistent process "3": Process had no disconnect runners but was an orphan
2026-05-27 23:55:38.817 [info] Persistent process reconnection "3"
2026-05-27 23:55:38.817 [warning] Persistent process "4": Process had no disconnect runners but was an orphan
2026-05-27 23:55:38.817 [info] Persistent process reconnection "4"
2026-05-27 23:55:38.817 [warning] Persistent process "5": Process had no disconnect runners but was an orphan
2026-05-27 23:55:38.817 [info] Persistent process reconnection "5"
2026-05-27 23:55:38.817 [warning] Persistent process "6": Process had no disconnect runners but was an orphan
2026-05-27 23:55:38.817 [info] Persistent process reconnection "6"
2026-05-27 23:55:38.887 [info] Persistent process "1": Replaying 798 chars and 1 size events
2026-05-27 23:55:38.905 [info] Persistent process "2": Replaying 2439 chars and 1 size events
2026-05-27 23:55:38.926 [info] Persistent process "3": Replaying 6501 chars and 1 size events
2026-05-27 23:55:38.935 [info] Persistent process "4": Replaying 2240 chars and 1 size events
2026-05-27 23:55:38.943 [info] Persistent process "5": Replaying 1021 chars and 1 size events
2026-05-27 23:55:38.963 [info] Persistent process "6": Replaying 1903 chars and 1 size events
