2026-05-28 20:42:08.832 [info] Python-envs extension version: 1.30.0
2026-05-28 20:42:08.832 [info] 
=== Python Envs Configuration Levels ===
2026-05-28 20:42:08.832 [info] {
  "section": "Python Envs Configuration Levels",
  "defaultEnvManager": {
    "workspaceFolderValue": "undefined",
    "workspaceValue": "undefined",
    "globalValue": "undefined",
    "defaultValue": "ms-python.python:venv"
  },
  "defaultPackageManager": {
    "workspaceFolderValue": "undefined",
    "workspaceValue": "undefined",
    "globalValue": "undefined",
    "defaultValue": "ms-python.python:pip"
  }
}
2026-05-28 20:42:08.832 [info] [pet] Starting Python Locator /home/sayan/.vscode/extensions/ms-python.vscode-python-envs-1.30.0-linux-x64/python-env-tools/bin/pet server
2026-05-28 20:42:08.832 [info] Registering pyenv manager (environments will be discovered lazily)
2026-05-28 20:42:08.832 [info] Registering pipenv manager (environments will be discovered lazily)
2026-05-28 20:42:08.832 [info] Registering poetry manager (environments will be discovered lazily)
2026-05-28 20:42:08.833 [warning] No workspace folder for relative search path: .venv
2026-05-28 20:42:08.833 [warning] No workspace folder for relative search path: */.venv
2026-05-28 20:42:08.834 [info] [pet] configure: Sending configuration update: {"workspaceDirectories":[],"environmentDirectories":[],"pipenvExecutable":"pipenv","poetryExecutable":"poetry","cacheDirectory":"/home/sayan/.config/Code/User/globalStorage/ms-python.vscode-python-envs/pythonLocator"}
2026-05-28 20:42:08.874 [info] Discovered env: /usr/bin/python3
2026-05-28 20:42:08.884 [info] Conda not found, turning off conda features. [Error: Conda not found
	at F (/home/sayan/.vscode/extensions/ms-python.vscode-python-envs-1.30.0-linux-x64/dist/extension.js:2:607042)
	at runNextTicks (node:internal/process/task_queues:64:5)
	at process.processImmediate (node:internal/timers:452:9)
	at async L (/home/sayan/.vscode/extensions/ms-python.vscode-python-envs-1.30.0-linux-x64/dist/extension.js:2:607167)
	at async t.registerCondaFeatures (/home/sayan/.vscode/extensions/ms-python.vscode-python-envs-1.30.0-linux-x64/dist/extension.js:2:627092)
	at async t.safeRegister (/home/sayan/.vscode/extensions/ms-python.vscode-python-envs-1.30.0-linux-x64/dist/extension.js:2:282415)
	at async Promise.all (index 1)
	at async Immediate.<anonymous> (/home/sayan/.vscode/extensions/ms-python.vscode-python-envs-1.30.0-linux-x64/dist/extension.js:2:752995)]
2026-05-28 20:42:08.887 [info] [interpreterSelection] Applying initial environment selection for 0 workspace folder(s)
2026-05-28 20:42:08.892 [info] [pet] Telemetry:  {"event":"RefreshPerformance","data":{"refreshPerformance":{"total":41,"breakdown":{"GlobalVirtualEnvs":0,"Locators":34,"Path":41,"Workspaces":0},"locators":{"Conda":34,"Homebrew":0,"LinuxGlobal":29,"PipEnv":0,"Pixi":0,"Poetry":0,"PyEnv":0,"Uv":0,"Venv":0,"VirtualEnv":0,"VirtualEnvWrapper":0}}}}
2026-05-28 20:42:08.895 [info] Extension for manager ms-python.python:venv is not active: Activating...
2026-05-28 20:42:08.907 [info] [interpreterSelection] global: Python 3.12.3 (source: autoDiscovery)
2026-05-28 20:42:08.913 [info] Python API: Changed environment from undefined to Python 3.12.3 for: global
2026-05-28 20:42:08.913 [info] Internal: Changed environment from undefined to Python 3.12.3 for: global
2026-05-28 20:42:09.014 [info] Refreshing pyenv environments
2026-05-28 20:42:09.044 [info] Pipenv not found via settings, cache, or PATH
2026-05-28 20:42:09.044 [info] Refreshing pipenv environments
2026-05-28 20:42:09.045 [info] Pipenv not found via settings, cache, or PATH
2026-05-28 20:42:09.045 [info] Found 0 pipenv environments
2026-05-28 20:42:09.076 [info] Extension for manager ms-python.python:venv is now active.
2026-05-28 20:42:09.079 [info] Refreshing Pyenv Environments
2026-05-28 20:42:09.079 [info] Refreshing pyenv environments
2026-05-28 20:42:09.079 [info] Refreshing Pipenv Environments
2026-05-28 20:42:09.079 [info] Refreshing pipenv environments
2026-05-28 20:42:09.079 [info] Refreshing Poetry Environments
2026-05-28 20:42:09.079 [info] Refreshing poetry environments
2026-05-28 20:42:09.080 [warning] No workspace folder for relative search path: .venv
2026-05-28 20:42:09.080 [warning] No workspace folder for relative search path: */.venv
2026-05-28 20:42:09.086 [info] Pipenv not found via settings, cache, or PATH
2026-05-28 20:42:09.091 [info] Refreshing poetry environments
2026-05-28 20:42:09.213 [info] Discovered env: /usr/bin/python3
2026-05-28 20:42:09.219 [warning] No workspace folder for relative search path: .venv
2026-05-28 20:42:09.219 [warning] No workspace folder for relative search path: */.venv
2026-05-28 20:42:09.228 [info] [pet] Telemetry:  {"event":"RefreshPerformance","data":{"refreshPerformance":{"total":27,"breakdown":{"GlobalVirtualEnvs":0,"Locators":21,"Path":27,"Workspaces":0},"locators":{"Conda":19,"Homebrew":0,"LinuxGlobal":20,"PipEnv":0,"Pixi":0,"Poetry":0,"PyEnv":0,"Uv":0,"Venv":0,"VirtualEnv":0,"VirtualEnvWrapper":0}}}}
2026-05-28 20:42:09.254 [info] Discovered env: /usr/bin/python3
2026-05-28 20:42:09.270 [warning] No workspace folder for relative search path: .venv
2026-05-28 20:42:09.270 [warning] No workspace folder for relative search path: */.venv
2026-05-28 20:42:09.276 [info] [pet] Telemetry:  {"event":"RefreshPerformance","data":{"refreshPerformance":{"total":36,"breakdown":{"GlobalVirtualEnvs":0,"Locators":25,"Path":34,"Workspaces":0},"locators":{"Conda":24,"Homebrew":0,"LinuxGlobal":24,"PipEnv":0,"Pixi":0,"Poetry":0,"PyEnv":0,"Uv":0,"Venv":0,"VirtualEnv":0,"VirtualEnvWrapper":0}}}}
2026-05-28 20:42:09.300 [info] Discovered env: /usr/bin/python3
2026-05-28 20:42:09.314 [warning] No workspace folder for relative search path: .venv
2026-05-28 20:42:09.315 [warning] No workspace folder for relative search path: */.venv
2026-05-28 20:42:09.317 [info] [pet] Telemetry:  {"event":"RefreshPerformance","data":{"refreshPerformance":{"total":35,"breakdown":{"GlobalVirtualEnvs":0,"Locators":23,"Path":35,"Workspaces":0},"locators":{"Conda":19,"Homebrew":0,"LinuxGlobal":21,"PipEnv":0,"Pixi":0,"Poetry":0,"PyEnv":0,"Uv":0,"Venv":0,"VirtualEnv":0,"VirtualEnvWrapper":0}}}}
2026-05-28 20:42:09.339 [info] Discovered env: /usr/bin/python3
2026-05-28 20:42:09.350 [warning] No workspace folder for relative search path: .venv
2026-05-28 20:42:09.350 [warning] No workspace folder for relative search path: */.venv
2026-05-28 20:42:09.352 [info] [pet] Telemetry:  {"event":"RefreshPerformance","data":{"refreshPerformance":{"total":29,"breakdown":{"GlobalVirtualEnvs":0,"Locators":20,"Path":29,"Workspaces":0},"locators":{"Conda":17,"Homebrew":0,"LinuxGlobal":19,"PipEnv":0,"Pixi":0,"Poetry":0,"PyEnv":0,"Uv":0,"Venv":0,"VirtualEnv":0,"VirtualEnvWrapper":0}}}}
2026-05-28 20:42:09.362 [info] Pipenv not found via settings, cache, or PATH
2026-05-28 20:42:09.362 [info] Found 0 pipenv environments
2026-05-28 20:42:09.378 [info] Discovered env: /usr/bin/python3
2026-05-28 20:42:09.404 [warning] No workspace folder for relative search path: .venv
2026-05-28 20:42:09.404 [warning] No workspace folder for relative search path: */.venv
2026-05-28 20:42:09.405 [info] [pet] Telemetry:  {"event":"RefreshPerformance","data":{"refreshPerformance":{"total":36,"breakdown":{"GlobalVirtualEnvs":0,"Locators":24,"Path":36,"Workspaces":0},"locators":{"Conda":20,"Homebrew":0,"LinuxGlobal":16,"PipEnv":0,"Pixi":0,"Poetry":0,"PyEnv":0,"Uv":0,"Venv":0,"VirtualEnv":0,"VirtualEnvWrapper":0}}}}
2026-05-28 20:42:09.406 [info] Poetry executable not found
2026-05-28 20:42:09.427 [info] Discovered env: /usr/bin/python3
2026-05-28 20:42:09.439 [info] [pet] Telemetry:  {"event":"RefreshPerformance","data":{"refreshPerformance":{"total":30,"breakdown":{"GlobalVirtualEnvs":0,"Locators":21,"Path":30,"Workspaces":0},"locators":{"Conda":17,"Homebrew":0,"LinuxGlobal":20,"PipEnv":0,"Pixi":0,"Poetry":0,"PyEnv":0,"Uv":0,"Venv":0,"VirtualEnv":0,"VirtualEnvWrapper":0}}}}
2026-05-28 20:42:09.439 [info] Poetry executable not found
2026-05-28 20:42:09.440 [info] Environment discovery complete: 1 environments found (Global: 1)
