2026-05-27 21:13:11.912 [info] Python-envs extension version: 1.30.0
2026-05-27 21:13:11.912 [info] 
=== Python Envs Configuration Levels ===
2026-05-27 21:13:11.912 [info] {
  "section": "Python Envs Configuration Levels",
  "defaultEnvManager": {
    "workspaceFolderValue": "undefined",
    "workspaceValue": "undefined",
    "globalValue": "undefined",
    "defaultValue": "ms-python.python:venv"
  },
  "defaultPackageManager": {
    "workspaceFolderValue": "undefined",
    "workspaceValue": "undefined",
    "globalValue": "undefined",
    "defaultValue": "ms-python.python:pip"
  }
}
2026-05-27 21:13:11.912 [info] [pet] Starting Python Locator /home/sayan/.vscode/extensions/ms-python.vscode-python-envs-1.30.0-linux-x64/python-env-tools/bin/pet server
2026-05-27 21:13:11.912 [info] Registering pyenv manager (environments will be discovered lazily)
2026-05-27 21:13:11.912 [info] Registering pipenv manager (environments will be discovered lazily)
2026-05-27 21:13:11.912 [info] Registering poetry manager (environments will be discovered lazily)
2026-05-27 21:13:11.927 [warning] No workspace folder for relative search path: .venv
2026-05-27 21:13:11.927 [warning] No workspace folder for relative search path: */.venv
2026-05-27 21:13:11.928 [info] [pet] configure: Sending configuration update: {"workspaceDirectories":[],"environmentDirectories":[],"pipenvExecutable":"pipenv","poetryExecutable":"poetry","cacheDirectory":"/home/sayan/.config/Code/User/globalStorage/ms-python.vscode-python-envs/pythonLocator"}
2026-05-27 21:13:12.026 [info] Discovered env: /usr/bin/python3
2026-05-27 21:13:12.031 [info] Conda not found, turning off conda features. [Error: Conda not found
	at F (/home/sayan/.vscode/extensions/ms-python.vscode-python-envs-1.30.0-linux-x64/dist/extension.js:2:607042)
	at runNextTicks (node:internal/process/task_queues:64:5)
	at process.processImmediate (node:internal/timers:452:9)
	at async L (/home/sayan/.vscode/extensions/ms-python.vscode-python-envs-1.30.0-linux-x64/dist/extension.js:2:607167)
	at async t.registerCondaFeatures (/home/sayan/.vscode/extensions/ms-python.vscode-python-envs-1.30.0-linux-x64/dist/extension.js:2:627092)
	at async t.safeRegister (/home/sayan/.vscode/extensions/ms-python.vscode-python-envs-1.30.0-linux-x64/dist/extension.js:2:282415)
	at async Promise.all (index 1)
	at async Immediate.<anonymous> (/home/sayan/.vscode/extensions/ms-python.vscode-python-envs-1.30.0-linux-x64/dist/extension.js:2:752995)]
2026-05-27 21:13:12.035 [info] [interpreterSelection] Applying initial environment selection for 0 workspace folder(s)
2026-05-27 21:13:12.045 [info] [pet] Telemetry:  {"event":"RefreshPerformance","data":{"refreshPerformance":{"total":50,"breakdown":{"GlobalVirtualEnvs":0,"Locators":46,"Path":50,"Workspaces":0},"locators":{"Conda":46,"Homebrew":0,"LinuxGlobal":39,"PipEnv":0,"Pixi":0,"Poetry":0,"PyEnv":0,"Uv":0,"Venv":0,"VirtualEnv":0,"VirtualEnvWrapper":0}}}}
2026-05-27 21:13:12.051 [info] [interpreterSelection] global: Python 3.12.3 (source: autoDiscovery)
2026-05-27 21:13:12.056 [info] Extension for manager ms-python.python:venv is not active: Activating...
2026-05-27 21:13:12.057 [info] Python API: Changed environment from undefined to Python 3.12.3 for: global
2026-05-27 21:13:12.057 [info] Internal: Changed environment from undefined to Python 3.12.3 for: global
2026-05-27 21:13:12.063 [info] Refreshing pyenv environments
2026-05-27 21:13:12.090 [info] Extension for manager ms-python.python:venv is now active.
2026-05-27 21:13:12.095 [info] Refreshing Pyenv Environments
2026-05-27 21:13:12.095 [info] Refreshing pyenv environments
2026-05-27 21:13:12.095 [info] Refreshing Pipenv Environments
2026-05-27 21:13:12.095 [info] Refreshing pipenv environments
2026-05-27 21:13:12.095 [info] Refreshing Poetry Environments
2026-05-27 21:13:12.095 [info] Refreshing poetry environments
2026-05-27 21:13:12.095 [warning] No workspace folder for relative search path: .venv
2026-05-27 21:13:12.095 [warning] No workspace folder for relative search path: */.venv
2026-05-27 21:13:12.111 [info] Pipenv not found via settings, cache, or PATH
2026-05-27 21:13:12.113 [info] Refreshing pipenv environments
2026-05-27 21:13:12.121 [info] Discovered env: /usr/bin/python3
2026-05-27 21:13:12.252 [warning] No workspace folder for relative search path: .venv
2026-05-27 21:13:12.252 [warning] No workspace folder for relative search path: */.venv
2026-05-27 21:13:12.301 [info] [pet] Telemetry:  {"event":"RefreshPerformance","data":{"refreshPerformance":{"total":36,"breakdown":{"GlobalVirtualEnvs":0,"Locators":21,"Path":36,"Workspaces":0},"locators":{"Conda":17,"Homebrew":0,"LinuxGlobal":19,"PipEnv":0,"Pixi":0,"Poetry":0,"PyEnv":0,"Uv":0,"Venv":0,"VirtualEnv":0,"VirtualEnvWrapper":0}}}}
2026-05-27 21:13:12.329 [info] Discovered env: /usr/bin/python3
2026-05-27 21:13:12.339 [warning] No workspace folder for relative search path: .venv
2026-05-27 21:13:12.339 [warning] No workspace folder for relative search path: */.venv
2026-05-27 21:13:12.342 [info] [pet] Telemetry:  {"event":"RefreshPerformance","data":{"refreshPerformance":{"total":33,"breakdown":{"GlobalVirtualEnvs":0,"Locators":25,"Path":33,"Workspaces":0},"locators":{"Conda":20,"Homebrew":0,"LinuxGlobal":23,"PipEnv":0,"Pixi":0,"Poetry":0,"PyEnv":0,"Uv":0,"Venv":0,"VirtualEnv":0,"VirtualEnvWrapper":0}}}}
2026-05-27 21:13:12.378 [info] Discovered env: /usr/bin/python3
2026-05-27 21:13:12.387 [warning] No workspace folder for relative search path: .venv
2026-05-27 21:13:12.387 [warning] No workspace folder for relative search path: */.venv
2026-05-27 21:13:12.389 [info] [pet] Telemetry:  {"event":"RefreshPerformance","data":{"refreshPerformance":{"total":40,"breakdown":{"GlobalVirtualEnvs":0,"Locators":30,"Path":40,"Workspaces":0},"locators":{"Conda":27,"Homebrew":0,"LinuxGlobal":28,"PipEnv":0,"Pixi":0,"Poetry":0,"PyEnv":0,"Uv":0,"Venv":0,"VirtualEnv":0,"VirtualEnvWrapper":0}}}}
2026-05-27 21:13:12.416 [info] Discovered env: /usr/bin/python3
2026-05-27 21:13:12.427 [warning] No workspace folder for relative search path: .venv
2026-05-27 21:13:12.427 [warning] No workspace folder for relative search path: */.venv
2026-05-27 21:13:12.430 [info] [pet] Telemetry:  {"event":"RefreshPerformance","data":{"refreshPerformance":{"total":32,"breakdown":{"GlobalVirtualEnvs":0,"Locators":25,"Path":32,"Workspaces":0},"locators":{"Conda":21,"Homebrew":0,"LinuxGlobal":23,"PipEnv":0,"Pixi":0,"Poetry":0,"PyEnv":0,"Uv":0,"Venv":0,"VirtualEnv":0,"VirtualEnvWrapper":0}}}}
2026-05-27 21:13:12.437 [info] Pipenv not found via settings, cache, or PATH
2026-05-27 21:13:12.437 [info] Found 0 pipenv environments
2026-05-27 21:13:12.466 [info] Discovered env: /usr/bin/python3
2026-05-27 21:13:12.482 [warning] No workspace folder for relative search path: .venv
2026-05-27 21:13:12.483 [warning] No workspace folder for relative search path: */.venv
2026-05-27 21:13:12.486 [info] [pet] Telemetry:  {"event":"RefreshPerformance","data":{"refreshPerformance":{"total":45,"breakdown":{"GlobalVirtualEnvs":0,"Locators":33,"Path":45,"Workspaces":0},"locators":{"Conda":27,"Homebrew":0,"LinuxGlobal":25,"PipEnv":0,"Pixi":0,"Poetry":0,"PyEnv":1,"Uv":0,"Venv":0,"VirtualEnv":0,"VirtualEnvWrapper":0}}}}
2026-05-27 21:13:12.487 [info] Poetry executable not found
2026-05-27 21:13:12.492 [info] Refreshing poetry environments
2026-05-27 21:13:12.494 [info] Poetry executable not found
2026-05-27 21:13:12.527 [info] Discovered env: /usr/bin/python3
2026-05-27 21:13:12.543 [info] [pet] Telemetry:  {"event":"RefreshPerformance","data":{"refreshPerformance":{"total":48,"breakdown":{"GlobalVirtualEnvs":0,"Locators":39,"Path":48,"Workspaces":0},"locators":{"Conda":32,"Homebrew":0,"LinuxGlobal":38,"PipEnv":0,"Pixi":0,"Poetry":0,"PyEnv":0,"Uv":0,"Venv":0,"VirtualEnv":0,"VirtualEnvWrapper":0}}}}
2026-05-27 21:13:12.545 [info] Pipenv not found via settings, cache, or PATH
2026-05-27 21:13:12.545 [info] Found 0 pipenv environments
2026-05-27 21:13:12.548 [info] Pipenv not found via settings, cache, or PATH
2026-05-27 21:13:12.553 [info] Environment discovery complete: 1 environments found (Global: 1)
2026-05-27 21:24:26.886 [info] runInTerminal: sendText /usr/bin/python3 /home/sayan/fruit.py
2026-05-27 21:26:00.077 [info] runInTerminal: executeCommand /usr/bin/python3 /home/sayan/fruit.py
2026-05-27 21:28:47.897 [info] runInTerminal: executeCommand /usr/bin/python3 /home/sayan/fruit.py
2026-05-27 21:28:51.129 [info] runInTerminal: executeCommand /usr/bin/python3 /home/sayan/fruit.py
2026-05-27 21:28:52.003 [info] runInTerminal: executeCommand /usr/bin/python3 /home/sayan/fruit.py
2026-05-27 21:29:17.455 [info] runInTerminal: executeCommand /usr/bin/python3 /home/sayan/fruit.py
2026-05-27 21:31:47.933 [info] runInTerminal: executeCommand /usr/bin/python3 /home/sayan/secretsanta.py
2026-05-27 22:19:31.778 [info] runInTerminal: executeCommand /usr/bin/python3 "/home/sayan/introducing of list.py"
2026-05-27 22:19:57.841 [info] runInTerminal: executeCommand /usr/bin/python3 "/home/sayan/introducing of list.py"
2026-05-27 22:24:45.860 [info] runInTerminal: executeCommand /usr/bin/python3 "/home/sayan/introducing of list.py"
2026-05-27 22:27:12.099 [info] runInTerminal: executeCommand /usr/bin/python3 "/home/sayan/introducing of list.py"
2026-05-27 22:34:53.447 [info] runInTerminal: executeCommand /usr/bin/python3 "/home/sayan/introducing of list.py"
2026-05-27 22:34:55.679 [info] runInTerminal: executeCommand /usr/bin/python3 "/home/sayan/introducing of list.py"
2026-05-27 22:38:09.242 [info] runInTerminal: executeCommand /usr/bin/python3 "/home/sayan/introducing of list.py"
2026-05-27 22:47:40.378 [info] runInTerminal: executeCommand /usr/bin/python3 "/home/sayan/introducing of list.py"
2026-05-27 22:47:55.264 [info] runInTerminal: executeCommand /usr/bin/python3 "/home/sayan/introducing of list.py"
