2026-05-27 21:13:09.828 [info] Revived process, old id 1779735355290-1 -> new id 1
2026-05-27 21:13:09.828 [info] Revived process, old id 1779735355290-2 -> new id 2
2026-05-27 21:13:09.828 [info] Revived process, old id 1779735355290-3 -> new id 3
2026-05-27 21:13:09.828 [info] Revived process, old id 1779735355290-4 -> new id 4
2026-05-27 21:13:09.828 [info] Revived process, old id 1779735355290-6 -> new id 5
2026-05-27 21:13:09.986 [info] Expanding terminal instance, old id 1779735355290-1 -> new id 1
2026-05-27 21:13:09.986 [info] Expanding terminal instance, old id 1779735355290-2 -> new id 2
2026-05-27 21:13:09.986 [info] Expanding terminal instance, old id 1779735355290-3 -> new id 3
2026-05-27 21:13:09.986 [info] Expanding terminal instance, old id 1779735355290-4 -> new id 4
2026-05-27 21:13:09.986 [info] Expanding terminal instance, old id 1779735355290-6 -> new id 5
2026-05-27 21:13:10.638 [warning] Persistent process "1": Process had no disconnect runners but was an orphan
2026-05-27 21:13:10.638 [info] Persistent process reconnection "1"
2026-05-27 21:13:10.638 [warning] Persistent process "2": Process had no disconnect runners but was an orphan
2026-05-27 21:13:10.638 [info] Persistent process reconnection "2"
2026-05-27 21:13:10.639 [warning] Persistent process "3": Process had no disconnect runners but was an orphan
2026-05-27 21:13:10.639 [info] Persistent process reconnection "3"
2026-05-27 21:13:10.639 [warning] Persistent process "4": Process had no disconnect runners but was an orphan
2026-05-27 21:13:10.639 [info] Persistent process reconnection "4"
2026-05-27 21:13:10.639 [warning] Persistent process "5": Process had no disconnect runners but was an orphan
2026-05-27 21:13:10.639 [info] Persistent process reconnection "5"
2026-05-27 21:13:10.692 [info] Persistent process "1": Replaying 707 chars and 1 size events
2026-05-27 21:13:10.715 [info] Persistent process "2": Replaying 2348 chars and 1 size events
2026-05-27 21:13:10.739 [info] Persistent process "3": Replaying 6512 chars and 1 size events
2026-05-27 21:13:10.755 [info] Persistent process "4": Replaying 2149 chars and 1 size events
2026-05-27 21:13:10.761 [info] Persistent process "5": Replaying 930 chars and 1 size events
