2026-05-30 01:56:30.239 [info] Revived process, old id 1779735355290-1 -> new id 1
2026-05-30 01:56:30.240 [info] Revived process, old id 1779735355290-2 -> new id 2
2026-05-30 01:56:30.240 [info] Revived process, old id 1779735355290-3 -> new id 3
2026-05-30 01:56:30.240 [info] Revived process, old id 1779735355290-4 -> new id 4
2026-05-30 01:56:30.240 [info] Revived process, old id 1779735355290-5 -> new id 5
2026-05-30 01:56:30.240 [info] Revived process, old id 1779735355290-6 -> new id 6
2026-05-30 01:56:30.240 [info] Revived process, old id 1779735355290-7 -> new id 7
2026-05-30 01:56:30.240 [info] Revived process, old id 1779735355290-8 -> new id 8
2026-05-30 01:56:30.240 [info] Revived process, old id 1779735355290-10 -> new id 9
2026-05-30 01:56:30.318 [info] Expanding terminal instance, old id 1779735355290-1 -> new id 1
2026-05-30 01:56:30.318 [info] Expanding terminal instance, old id 1779735355290-2 -> new id 2
2026-05-30 01:56:30.318 [info] Expanding terminal instance, old id 1779735355290-3 -> new id 3
2026-05-30 01:56:30.318 [info] Expanding terminal instance, old id 1779735355290-4 -> new id 4
2026-05-30 01:56:30.318 [info] Expanding terminal instance, old id 1779735355290-5 -> new id 5
2026-05-30 01:56:30.318 [info] Expanding terminal instance, old id 1779735355290-6 -> new id 6
2026-05-30 01:56:30.318 [info] Expanding terminal instance, old id 1779735355290-7 -> new id 7
2026-05-30 01:56:30.318 [info] Expanding terminal instance, old id 1779735355290-8 -> new id 8
2026-05-30 01:56:30.318 [info] Expanding terminal instance, old id 1779735355290-10 -> new id 9
2026-05-30 01:56:31.335 [warning] Persistent process "1": Process had no disconnect runners but was an orphan
2026-05-30 01:56:31.335 [info] Persistent process reconnection "1"
2026-05-30 01:56:31.336 [warning] Persistent process "2": Process had no disconnect runners but was an orphan
2026-05-30 01:56:31.336 [info] Persistent process reconnection "2"
2026-05-30 01:56:31.336 [warning] Persistent process "3": Process had no disconnect runners but was an orphan
2026-05-30 01:56:31.336 [info] Persistent process reconnection "3"
2026-05-30 01:56:31.336 [warning] Persistent process "4": Process had no disconnect runners but was an orphan
2026-05-30 01:56:31.336 [info] Persistent process reconnection "4"
2026-05-30 01:56:31.336 [warning] Persistent process "5": Process had no disconnect runners but was an orphan
2026-05-30 01:56:31.336 [info] Persistent process reconnection "5"
2026-05-30 01:56:31.337 [warning] Persistent process "6": Process had no disconnect runners but was an orphan
2026-05-30 01:56:31.337 [info] Persistent process reconnection "6"
2026-05-30 01:56:31.337 [warning] Persistent process "7": Process had no disconnect runners but was an orphan
2026-05-30 01:56:31.337 [info] Persistent process reconnection "7"
2026-05-30 01:56:31.337 [warning] Persistent process "8": Process had no disconnect runners but was an orphan
2026-05-30 01:56:31.337 [info] Persistent process reconnection "8"
2026-05-30 01:56:31.337 [warning] Persistent process "9": Process had no disconnect runners but was an orphan
2026-05-30 01:56:31.337 [info] Persistent process reconnection "9"
2026-05-30 01:56:31.447 [info] Persistent process "1": Replaying 1162 chars and 1 size events
2026-05-30 01:56:31.479 [info] Persistent process "2": Replaying 2788 chars and 1 size events
2026-05-30 01:56:31.490 [info] Persistent process "3": Replaying 6302 chars and 1 size events
2026-05-30 01:56:31.500 [info] Persistent process "4": Replaying 2604 chars and 1 size events
2026-05-30 01:56:31.506 [info] Persistent process "5": Replaying 1385 chars and 1 size events
2026-05-30 01:56:31.514 [info] Persistent process "6": Replaying 2249 chars and 1 size events
2026-05-30 01:56:31.522 [info] Persistent process "7": Replaying 1444 chars and 1 size events
2026-05-30 01:56:31.530 [info] Persistent process "8": Replaying 2711 chars and 1 size events
2026-05-30 01:56:31.535 [info] Persistent process "9": Replaying 1001 chars and 1 size events
