2026-05-28 11:53:31.349 [info] Python-envs extension version: 1.30.0
2026-05-28 11:53:31.349 [info] 
=== Python Envs Configuration Levels ===
2026-05-28 11:53:31.349 [info] {
  "section": "Python Envs Configuration Levels",
  "defaultEnvManager": {
    "workspaceFolderValue": "undefined",
    "workspaceValue": "undefined",
    "globalValue": "undefined",
    "defaultValue": "ms-python.python:venv"
  },
  "defaultPackageManager": {
    "workspaceFolderValue": "undefined",
    "workspaceValue": "undefined",
    "globalValue": "undefined",
    "defaultValue": "ms-python.python:pip"
  }
}
2026-05-28 11:53:31.349 [info] [pet] Starting Python Locator /home/sayan/.vscode/extensions/ms-python.vscode-python-envs-1.30.0-linux-x64/python-env-tools/bin/pet server
2026-05-28 11:53:31.349 [info] Registering pyenv manager (environments will be discovered lazily)
2026-05-28 11:53:31.349 [info] Registering pipenv manager (environments will be discovered lazily)
2026-05-28 11:53:31.349 [info] Registering poetry manager (environments will be discovered lazily)
2026-05-28 11:53:31.352 [warning] No workspace folder for relative search path: .venv
2026-05-28 11:53:31.352 [warning] No workspace folder for relative search path: */.venv
2026-05-28 11:53:31.352 [info] [pet] configure: Sending configuration update: {"workspaceDirectories":[],"environmentDirectories":[],"pipenvExecutable":"pipenv","poetryExecutable":"poetry","cacheDirectory":"/home/sayan/.config/Code/User/globalStorage/ms-python.vscode-python-envs/pythonLocator"}
2026-05-28 11:53:31.394 [info] Discovered env: /usr/bin/python3
2026-05-28 11:53:31.488 [info] Conda not found, turning off conda features. [Error: Conda not found
	at F (/home/sayan/.vscode/extensions/ms-python.vscode-python-envs-1.30.0-linux-x64/dist/extension.js:2:607042)
	at runNextTicks (node:internal/process/task_queues:64:5)
	at process.processImmediate (node:internal/timers:452:9)
	at async L (/home/sayan/.vscode/extensions/ms-python.vscode-python-envs-1.30.0-linux-x64/dist/extension.js:2:607167)
	at async t.registerCondaFeatures (/home/sayan/.vscode/extensions/ms-python.vscode-python-envs-1.30.0-linux-x64/dist/extension.js:2:627092)
	at async t.safeRegister (/home/sayan/.vscode/extensions/ms-python.vscode-python-envs-1.30.0-linux-x64/dist/extension.js:2:282415)
	at async Promise.all (index 1)
	at async Immediate.<anonymous> (/home/sayan/.vscode/extensions/ms-python.vscode-python-envs-1.30.0-linux-x64/dist/extension.js:2:752995)]
2026-05-28 11:53:31.491 [info] [interpreterSelection] Applying initial environment selection for 0 workspace folder(s)
2026-05-28 11:53:31.515 [info] [pet] Telemetry:  {"event":"RefreshPerformance","data":{"refreshPerformance":{"total":43,"breakdown":{"GlobalVirtualEnvs":0,"Locators":40,"Path":42,"Workspaces":0},"locators":{"Conda":39,"Homebrew":0,"LinuxGlobal":28,"PipEnv":0,"Pixi":0,"Poetry":0,"PyEnv":0,"Uv":0,"Venv":0,"VirtualEnv":0,"VirtualEnvWrapper":0}}}}
2026-05-28 11:53:31.519 [info] [interpreterSelection] global: Python 3.12.3 (source: autoDiscovery)
2026-05-28 11:53:31.527 [info] Extension for manager ms-python.python:venv is not active: Activating...
2026-05-28 11:53:31.528 [info] Python API: Changed environment from undefined to Python 3.12.3 for: global
2026-05-28 11:53:31.528 [info] Internal: Changed environment from undefined to Python 3.12.3 for: global
2026-05-28 11:53:31.569 [info] Refreshing pyenv environments
2026-05-28 11:53:31.588 [info] Extension for manager ms-python.python:venv is now active.
2026-05-28 11:53:31.591 [info] Refreshing Pyenv Environments
2026-05-28 11:53:31.591 [info] Refreshing pyenv environments
2026-05-28 11:53:31.591 [info] Refreshing Pipenv Environments
2026-05-28 11:53:31.591 [info] Refreshing pipenv environments
2026-05-28 11:53:31.591 [info] Refreshing Poetry Environments
2026-05-28 11:53:31.591 [info] Refreshing poetry environments
2026-05-28 11:53:31.592 [warning] No workspace folder for relative search path: .venv
2026-05-28 11:53:31.592 [warning] No workspace folder for relative search path: */.venv
2026-05-28 11:53:31.602 [info] Pipenv not found via settings, cache, or PATH
2026-05-28 11:53:31.603 [info] Refreshing pipenv environments
2026-05-28 11:53:31.740 [info] Discovered env: /usr/bin/python3
2026-05-28 11:53:31.747 [warning] No workspace folder for relative search path: .venv
2026-05-28 11:53:31.747 [warning] No workspace folder for relative search path: */.venv
2026-05-28 11:53:31.757 [info] [pet] Telemetry:  {"event":"RefreshPerformance","data":{"refreshPerformance":{"total":30,"breakdown":{"GlobalVirtualEnvs":0,"Locators":20,"Path":30,"Workspaces":0},"locators":{"Conda":15,"Homebrew":0,"LinuxGlobal":18,"PipEnv":0,"Pixi":0,"Poetry":0,"PyEnv":0,"Uv":0,"Venv":0,"VirtualEnv":0,"VirtualEnvWrapper":0}}}}
2026-05-28 11:53:31.777 [info] Discovered env: /usr/bin/python3
2026-05-28 11:53:31.789 [warning] No workspace folder for relative search path: .venv
2026-05-28 11:53:31.789 [warning] No workspace folder for relative search path: */.venv
2026-05-28 11:53:31.799 [info] [pet] Telemetry:  {"event":"RefreshPerformance","data":{"refreshPerformance":{"total":27,"breakdown":{"GlobalVirtualEnvs":0,"Locators":19,"Path":27,"Workspaces":0},"locators":{"Conda":14,"Homebrew":0,"LinuxGlobal":18,"PipEnv":0,"Pixi":0,"Poetry":0,"PyEnv":0,"Uv":0,"Venv":0,"VirtualEnv":0,"VirtualEnvWrapper":0}}}}
2026-05-28 11:53:31.825 [info] Discovered env: /usr/bin/python3
2026-05-28 11:53:31.833 [warning] No workspace folder for relative search path: .venv
2026-05-28 11:53:31.833 [warning] No workspace folder for relative search path: */.venv
2026-05-28 11:53:31.835 [info] [pet] Telemetry:  {"event":"RefreshPerformance","data":{"refreshPerformance":{"total":30,"breakdown":{"GlobalVirtualEnvs":0,"Locators":25,"Path":30,"Workspaces":0},"locators":{"Conda":18,"Homebrew":0,"LinuxGlobal":23,"PipEnv":0,"Pixi":0,"Poetry":0,"PyEnv":0,"Uv":0,"Venv":0,"VirtualEnv":0,"VirtualEnvWrapper":0}}}}
2026-05-28 11:53:31.856 [info] Discovered env: /usr/bin/python3
2026-05-28 11:53:31.869 [warning] No workspace folder for relative search path: .venv
2026-05-28 11:53:31.869 [warning] No workspace folder for relative search path: */.venv
2026-05-28 11:53:31.873 [info] [pet] Telemetry:  {"event":"RefreshPerformance","data":{"refreshPerformance":{"total":29,"breakdown":{"GlobalVirtualEnvs":0,"Locators":20,"Path":29,"Workspaces":0},"locators":{"Conda":16,"Homebrew":0,"LinuxGlobal":18,"PipEnv":0,"Pixi":0,"Poetry":0,"PyEnv":0,"Uv":0,"Venv":0,"VirtualEnv":0,"VirtualEnvWrapper":0}}}}
2026-05-28 11:53:31.874 [info] Pipenv not found via settings, cache, or PATH
2026-05-28 11:53:31.874 [info] Found 0 pipenv environments
2026-05-28 11:53:31.893 [info] Discovered env: /usr/bin/python3
2026-05-28 11:53:31.905 [warning] No workspace folder for relative search path: .venv
2026-05-28 11:53:31.905 [warning] No workspace folder for relative search path: */.venv
2026-05-28 11:53:31.923 [info] [pet] Telemetry:  {"event":"RefreshPerformance","data":{"refreshPerformance":{"total":28,"breakdown":{"GlobalVirtualEnvs":0,"Locators":18,"Path":28,"Workspaces":0},"locators":{"Conda":15,"Homebrew":0,"LinuxGlobal":17,"PipEnv":0,"Pixi":0,"Poetry":0,"PyEnv":0,"Uv":0,"Venv":0,"VirtualEnv":0,"VirtualEnvWrapper":0}}}}
2026-05-28 11:53:31.925 [info] Poetry executable not found
2026-05-28 11:53:31.929 [info] Refreshing poetry environments
2026-05-28 11:53:31.934 [info] Poetry executable not found
2026-05-28 11:53:31.950 [info] Discovered env: /usr/bin/python3
2026-05-28 11:53:31.965 [info] [pet] Telemetry:  {"event":"RefreshPerformance","data":{"refreshPerformance":{"total":38,"breakdown":{"GlobalVirtualEnvs":0,"Locators":24,"Path":37,"Workspaces":0},"locators":{"Conda":19,"Homebrew":0,"LinuxGlobal":22,"PipEnv":0,"Pixi":0,"Poetry":0,"PyEnv":0,"Uv":0,"Venv":0,"VirtualEnv":0,"VirtualEnvWrapper":0}}}}
2026-05-28 11:53:31.966 [info] Pipenv not found via settings, cache, or PATH
2026-05-28 11:53:31.966 [info] Found 0 pipenv environments
2026-05-28 11:53:31.969 [info] Pipenv not found via settings, cache, or PATH
2026-05-28 11:53:31.971 [info] Environment discovery complete: 1 environments found (Global: 1)
2026-05-28 12:19:16.661 [info] runInTerminal: sendText /usr/bin/python3 "/home/sayan/introducing of list.py"
2026-05-28 12:19:35.456 [info] runInTerminal: executeCommand /usr/bin/python3 "/home/sayan/introducing of list.py"
2026-05-28 12:19:51.755 [info] runInTerminal: executeCommand /usr/bin/python3 "/home/sayan/introducing of list.py"
2026-05-28 12:20:02.691 [info] runInTerminal: executeCommand /usr/bin/python3 "/home/sayan/introducing of list.py"
2026-05-28 12:26:09.203 [info] runInTerminal: executeCommand /usr/bin/python3 "/home/sayan/introducing of list.py"
2026-05-28 13:04:32.606 [info] runInTerminal: executeCommand /usr/bin/python3 "/home/sayan/introducing of list.py"
2026-05-28 13:18:28.407 [info] runInTerminal: executeCommand /usr/bin/python3 "/home/sayan/introducing of list.py"
2026-05-28 13:21:10.565 [info] runInTerminal: executeCommand /usr/bin/python3 "/home/sayan/introducing of list.py"
2026-05-28 13:26:07.187 [info] runInTerminal: executeCommand /usr/bin/python3 "/home/sayan/introducing of list.py"
2026-05-28 13:33:45.631 [info] runInTerminal: executeCommand /usr/bin/python3 "/home/sayan/introducing of list.py"
2026-05-28 13:33:53.139 [info] runInTerminal: executeCommand /usr/bin/python3 "/home/sayan/introducing of list.py"
2026-05-28 13:34:16.826 [info] runInTerminal: executeCommand /usr/bin/python3 "/home/sayan/introducing of list.py"
2026-05-28 13:38:59.812 [info] runInTerminal: executeCommand /usr/bin/python3 "/home/sayan/introducing of list.py"
2026-05-28 13:39:19.195 [info] runInTerminal: executeCommand /usr/bin/python3 "/home/sayan/introducing of list.py"
2026-05-28 13:39:34.467 [info] runInTerminal: executeCommand /usr/bin/python3 "/home/sayan/introducing of list.py"
2026-05-28 13:39:48.612 [info] runInTerminal: executeCommand /usr/bin/python3 "/home/sayan/introducing of list.py"
2026-05-28 13:39:58.619 [info] runInTerminal: executeCommand /usr/bin/python3 "/home/sayan/introducing of list.py"
