2026-05-28 11:53:29.541 [info] Revived process, old id 1779735355290-1 -> new id 1
2026-05-28 11:53:29.541 [info] Revived process, old id 1779735355290-2 -> new id 2
2026-05-28 11:53:29.541 [info] Revived process, old id 1779735355290-3 -> new id 3
2026-05-28 11:53:29.541 [info] Revived process, old id 1779735355290-4 -> new id 4
2026-05-28 11:53:29.541 [info] Revived process, old id 1779735355290-5 -> new id 5
2026-05-28 11:53:29.541 [info] Revived process, old id 1779735355290-6 -> new id 6
2026-05-28 11:53:29.541 [info] Revived process, old id 1779735355290-8 -> new id 7
2026-05-28 11:53:29.614 [info] Expanding terminal instance, old id 1779735355290-1 -> new id 1
2026-05-28 11:53:29.614 [info] Expanding terminal instance, old id 1779735355290-2 -> new id 2
2026-05-28 11:53:29.614 [info] Expanding terminal instance, old id 1779735355290-3 -> new id 3
2026-05-28 11:53:29.614 [info] Expanding terminal instance, old id 1779735355290-4 -> new id 4
2026-05-28 11:53:29.615 [info] Expanding terminal instance, old id 1779735355290-5 -> new id 5
2026-05-28 11:53:29.615 [info] Expanding terminal instance, old id 1779735355290-6 -> new id 6
2026-05-28 11:53:29.615 [info] Expanding terminal instance, old id 1779735355290-8 -> new id 7
2026-05-28 11:53:30.356 [warning] Persistent process "1": Process had no disconnect runners but was an orphan
2026-05-28 11:53:30.357 [info] Persistent process reconnection "1"
2026-05-28 11:53:30.357 [warning] Persistent process "2": Process had no disconnect runners but was an orphan
2026-05-28 11:53:30.357 [info] Persistent process reconnection "2"
2026-05-28 11:53:30.357 [warning] Persistent process "3": Process had no disconnect runners but was an orphan
2026-05-28 11:53:30.357 [info] Persistent process reconnection "3"
2026-05-28 11:53:30.357 [warning] Persistent process "4": Process had no disconnect runners but was an orphan
2026-05-28 11:53:30.357 [info] Persistent process reconnection "4"
2026-05-28 11:53:30.357 [warning] Persistent process "5": Process had no disconnect runners but was an orphan
2026-05-28 11:53:30.358 [info] Persistent process reconnection "5"
2026-05-28 11:53:30.358 [warning] Persistent process "6": Process had no disconnect runners but was an orphan
2026-05-28 11:53:30.358 [info] Persistent process reconnection "6"
2026-05-28 11:53:30.358 [warning] Persistent process "7": Process had no disconnect runners but was an orphan
2026-05-28 11:53:30.358 [info] Persistent process reconnection "7"
2026-05-28 11:53:30.477 [info] Persistent process "1": Replaying 889 chars and 1 size events
2026-05-28 11:53:30.569 [info] Persistent process "2": Replaying 2530 chars and 1 size events
2026-05-28 11:53:30.576 [info] Persistent process "3": Replaying 6435 chars and 1 size events
2026-05-28 11:53:30.585 [info] Persistent process "4": Replaying 2331 chars and 1 size events
2026-05-28 11:53:30.597 [info] Persistent process "5": Replaying 1117 chars and 1 size events
2026-05-28 11:53:30.608 [info] Persistent process "6": Replaying 1976 chars and 1 size events
2026-05-28 11:53:30.617 [info] Persistent process "7": Replaying 1166 chars and 1 size events
