2026-05-30 01:56:32.335 [info] Python-envs extension version: 1.30.0
2026-05-30 01:56:32.335 [info] 
=== Python Envs Configuration Levels ===
2026-05-30 01:56:32.335 [info] {
  "section": "Python Envs Configuration Levels",
  "defaultEnvManager": {
    "workspaceFolderValue": "undefined",
    "workspaceValue": "undefined",
    "globalValue": "undefined",
    "defaultValue": "ms-python.python:venv"
  },
  "defaultPackageManager": {
    "workspaceFolderValue": "undefined",
    "workspaceValue": "undefined",
    "globalValue": "undefined",
    "defaultValue": "ms-python.python:pip"
  }
}
2026-05-30 01:56:32.335 [info] [pet] Starting Python Locator /home/sayan/.vscode/extensions/ms-python.vscode-python-envs-1.30.0-linux-x64/python-env-tools/bin/pet server
2026-05-30 01:56:32.335 [info] Registering pyenv manager (environments will be discovered lazily)
2026-05-30 01:56:32.335 [info] Registering pipenv manager (environments will be discovered lazily)
2026-05-30 01:56:32.335 [info] Registering poetry manager (environments will be discovered lazily)
2026-05-30 01:56:32.335 [warning] No workspace folder for relative search path: .venv
2026-05-30 01:56:32.335 [warning] No workspace folder for relative search path: */.venv
2026-05-30 01:56:32.335 [info] [pet] configure: Sending configuration update: {"workspaceDirectories":[],"environmentDirectories":[],"pipenvExecutable":"pipenv","poetryExecutable":"poetry","cacheDirectory":"/home/sayan/.config/Code/User/globalStorage/ms-python.vscode-python-envs/pythonLocator"}
2026-05-30 01:56:32.501 [info] Discovered env: /usr/bin/python3
2026-05-30 01:56:32.513 [info] Conda not found, turning off conda features. [Error: Conda not found
	at F (/home/sayan/.vscode/extensions/ms-python.vscode-python-envs-1.30.0-linux-x64/dist/extension.js:2:607042)
	at runNextTicks (node:internal/process/task_queues:64:5)
	at process.processImmediate (node:internal/timers:452:9)
	at async L (/home/sayan/.vscode/extensions/ms-python.vscode-python-envs-1.30.0-linux-x64/dist/extension.js:2:607167)
	at async t.registerCondaFeatures (/home/sayan/.vscode/extensions/ms-python.vscode-python-envs-1.30.0-linux-x64/dist/extension.js:2:627092)
	at async t.safeRegister (/home/sayan/.vscode/extensions/ms-python.vscode-python-envs-1.30.0-linux-x64/dist/extension.js:2:282415)
	at async Promise.all (index 1)
	at async Immediate.<anonymous> (/home/sayan/.vscode/extensions/ms-python.vscode-python-envs-1.30.0-linux-x64/dist/extension.js:2:752995)]
2026-05-30 01:56:32.518 [info] [interpreterSelection] Applying initial environment selection for 0 workspace folder(s)
2026-05-30 01:56:32.538 [info] [pet] Telemetry:  {"event":"RefreshPerformance","data":{"refreshPerformance":{"total":60,"breakdown":{"GlobalVirtualEnvs":0,"Locators":54,"Path":59,"Workspaces":0},"locators":{"Conda":54,"Homebrew":0,"LinuxGlobal":43,"PipEnv":0,"Pixi":0,"Poetry":0,"PyEnv":0,"Uv":0,"Venv":0,"VirtualEnv":0,"VirtualEnvWrapper":0}}}}
2026-05-30 01:56:32.543 [info] Extension for manager ms-python.python:venv is not active: Activating...
2026-05-30 01:56:32.653 [info] [interpreterSelection] global: Python 3.12.3 (source: autoDiscovery)
2026-05-30 01:56:32.659 [info] Python API: Changed environment from undefined to Python 3.12.3 for: global
2026-05-30 01:56:32.659 [info] Internal: Changed environment from undefined to Python 3.12.3 for: global
2026-05-30 01:56:32.660 [info] Refreshing pyenv environments
2026-05-30 01:56:32.667 [info] Pipenv not found via settings, cache, or PATH
2026-05-30 01:56:32.667 [info] Refreshing pipenv environments
2026-05-30 01:56:32.668 [info] Pipenv not found via settings, cache, or PATH
2026-05-30 01:56:32.668 [info] Found 0 pipenv environments
2026-05-30 01:56:32.669 [info] Pipenv not found via settings, cache, or PATH
2026-05-30 01:56:32.672 [info] Refreshing poetry environments
2026-05-30 01:56:32.672 [info] Poetry executable not found
2026-05-30 01:56:32.674 [info] Environment discovery complete: 1 environments found (Global: 1)
2026-05-30 01:56:32.774 [info] Extension for manager ms-python.python:venv is now active.
2026-05-30 01:56:32.778 [info] Refreshing Pyenv Environments
2026-05-30 01:56:32.778 [info] Refreshing pyenv environments
2026-05-30 01:56:32.778 [info] Refreshing Pipenv Environments
2026-05-30 01:56:32.778 [info] Refreshing pipenv environments
2026-05-30 01:56:32.778 [info] Refreshing Poetry Environments
2026-05-30 01:56:32.778 [info] Refreshing poetry environments
2026-05-30 01:56:32.778 [warning] No workspace folder for relative search path: .venv
2026-05-30 01:56:32.778 [warning] No workspace folder for relative search path: */.venv
2026-05-30 01:56:32.812 [info] Discovered env: /usr/bin/python3
2026-05-30 01:56:32.822 [warning] No workspace folder for relative search path: .venv
2026-05-30 01:56:32.823 [warning] No workspace folder for relative search path: */.venv
2026-05-30 01:56:32.826 [info] [pet] Telemetry:  {"event":"RefreshPerformance","data":{"refreshPerformance":{"total":31,"breakdown":{"GlobalVirtualEnvs":0,"Locators":22,"Path":31,"Workspaces":0},"locators":{"Conda":18,"Homebrew":0,"LinuxGlobal":21,"PipEnv":0,"Pixi":0,"Poetry":0,"PyEnv":0,"Uv":0,"Venv":0,"VirtualEnv":0,"VirtualEnvWrapper":0}}}}
2026-05-30 01:56:32.903 [info] Discovered env: /usr/bin/python3
2026-05-30 01:56:32.907 [warning] No workspace folder for relative search path: .venv
2026-05-30 01:56:32.907 [warning] No workspace folder for relative search path: */.venv
2026-05-30 01:56:32.911 [info] [pet] Telemetry:  {"event":"RefreshPerformance","data":{"refreshPerformance":{"total":27,"breakdown":{"GlobalVirtualEnvs":0,"Locators":19,"Path":27,"Workspaces":0},"locators":{"Conda":15,"Homebrew":0,"LinuxGlobal":17,"PipEnv":0,"Pixi":0,"Poetry":0,"PyEnv":0,"Uv":0,"Venv":0,"VirtualEnv":0,"VirtualEnvWrapper":0}}}}
2026-05-30 01:56:32.934 [info] Discovered env: /usr/bin/python3
2026-05-30 01:56:32.948 [warning] No workspace folder for relative search path: .venv
2026-05-30 01:56:32.948 [warning] No workspace folder for relative search path: */.venv
2026-05-30 01:56:32.967 [info] [pet] Telemetry:  {"event":"RefreshPerformance","data":{"refreshPerformance":{"total":30,"breakdown":{"GlobalVirtualEnvs":0,"Locators":21,"Path":30,"Workspaces":0},"locators":{"Conda":20,"Homebrew":0,"LinuxGlobal":20,"PipEnv":0,"Pixi":0,"Poetry":0,"PyEnv":0,"Uv":0,"Venv":0,"VirtualEnv":0,"VirtualEnvWrapper":0}}}}
2026-05-30 01:56:32.994 [info] Discovered env: /usr/bin/python3
2026-05-30 01:56:33.001 [warning] No workspace folder for relative search path: .venv
2026-05-30 01:56:33.001 [warning] No workspace folder for relative search path: */.venv
2026-05-30 01:56:33.002 [info] [pet] Telemetry:  {"event":"RefreshPerformance","data":{"refreshPerformance":{"total":31,"breakdown":{"GlobalVirtualEnvs":0,"Locators":24,"Path":31,"Workspaces":0},"locators":{"Conda":23,"Homebrew":0,"LinuxGlobal":21,"PipEnv":0,"Pixi":0,"Poetry":0,"PyEnv":0,"Uv":0,"Venv":0,"VirtualEnv":0,"VirtualEnvWrapper":0}}}}
2026-05-30 01:56:33.003 [info] Pipenv not found via settings, cache, or PATH
2026-05-30 01:56:33.003 [info] Found 0 pipenv environments
2026-05-30 01:56:33.026 [info] Discovered env: /usr/bin/python3
2026-05-30 01:56:33.036 [info] [pet] Telemetry:  {"event":"RefreshPerformance","data":{"refreshPerformance":{"total":30,"breakdown":{"GlobalVirtualEnvs":0,"Locators":23,"Path":30,"Workspaces":0},"locators":{"Conda":18,"Homebrew":0,"LinuxGlobal":22,"PipEnv":0,"Pixi":0,"Poetry":0,"PyEnv":0,"Uv":0,"Venv":0,"VirtualEnv":0,"VirtualEnvWrapper":0}}}}
2026-05-30 01:56:33.036 [info] Poetry executable not found
2026-05-30 02:03:20.722 [info] runInTerminal: sendText /usr/bin/python3 "/home/sayan/working with lists.py"
2026-05-30 02:04:31.316 [info] runInTerminal: executeCommand /usr/bin/python3 "/home/sayan/working with lists.py"
