2026-05-28 20:42:07.124 [info] Revived process, old id 1779735355290-1 -> new id 1
2026-05-28 20:42:07.124 [info] Revived process, old id 1779735355290-2 -> new id 2
2026-05-28 20:42:07.124 [info] Revived process, old id 1779735355290-3 -> new id 3
2026-05-28 20:42:07.124 [info] Revived process, old id 1779735355290-4 -> new id 4
2026-05-28 20:42:07.124 [info] Revived process, old id 1779735355290-5 -> new id 5
2026-05-28 20:42:07.124 [info] Revived process, old id 1779735355290-6 -> new id 6
2026-05-28 20:42:07.124 [info] Revived process, old id 1779735355290-7 -> new id 7
2026-05-28 20:42:07.124 [info] Revived process, old id 1779735355290-9 -> new id 8
2026-05-28 20:42:07.333 [info] Expanding terminal instance, old id 1779735355290-1 -> new id 1
2026-05-28 20:42:07.333 [info] Expanding terminal instance, old id 1779735355290-2 -> new id 2
2026-05-28 20:42:07.333 [info] Expanding terminal instance, old id 1779735355290-3 -> new id 3
2026-05-28 20:42:07.333 [info] Expanding terminal instance, old id 1779735355290-4 -> new id 4
2026-05-28 20:42:07.334 [info] Expanding terminal instance, old id 1779735355290-5 -> new id 5
2026-05-28 20:42:07.334 [info] Expanding terminal instance, old id 1779735355290-6 -> new id 6
2026-05-28 20:42:07.334 [info] Expanding terminal instance, old id 1779735355290-7 -> new id 7
2026-05-28 20:42:07.334 [info] Expanding terminal instance, old id 1779735355290-9 -> new id 8
2026-05-28 20:42:07.997 [warning] Persistent process "1": Process had no disconnect runners but was an orphan
2026-05-28 20:42:07.997 [info] Persistent process reconnection "1"
2026-05-28 20:42:07.997 [warning] Persistent process "2": Process had no disconnect runners but was an orphan
2026-05-28 20:42:07.997 [info] Persistent process reconnection "2"
2026-05-28 20:42:07.997 [warning] Persistent process "3": Process had no disconnect runners but was an orphan
2026-05-28 20:42:07.997 [info] Persistent process reconnection "3"
2026-05-28 20:42:07.997 [warning] Persistent process "4": Process had no disconnect runners but was an orphan
2026-05-28 20:42:07.997 [info] Persistent process reconnection "4"
2026-05-28 20:42:07.998 [warning] Persistent process "5": Process had no disconnect runners but was an orphan
2026-05-28 20:42:07.998 [info] Persistent process reconnection "5"
2026-05-28 20:42:07.998 [warning] Persistent process "6": Process had no disconnect runners but was an orphan
2026-05-28 20:42:07.998 [info] Persistent process reconnection "6"
2026-05-28 20:42:07.998 [warning] Persistent process "7": Process had no disconnect runners but was an orphan
2026-05-28 20:42:07.998 [info] Persistent process reconnection "7"
2026-05-28 20:42:07.998 [warning] Persistent process "8": Process had no disconnect runners but was an orphan
2026-05-28 20:42:07.998 [info] Persistent process reconnection "8"
2026-05-28 20:42:08.067 [info] Persistent process "1": Replaying 980 chars and 1 size events
2026-05-28 20:42:08.076 [info] Persistent process "2": Replaying 2621 chars and 1 size events
2026-05-28 20:42:08.084 [info] Persistent process "3": Replaying 6390 chars and 1 size events
2026-05-28 20:42:08.103 [info] Persistent process "4": Replaying 2422 chars and 1 size events
2026-05-28 20:42:08.116 [info] Persistent process "5": Replaying 1203 chars and 1 size events
2026-05-28 20:42:08.126 [info] Persistent process "6": Replaying 2067 chars and 1 size events
2026-05-28 20:42:08.137 [info] Persistent process "7": Replaying 1257 chars and 1 size events
2026-05-28 20:42:08.147 [info] Persistent process "8": Replaying 2529 chars and 1 size events
